Component: ARM Compiler 5.06 update 7 (build 960) Tool: armlink [4d3601]

==============================================================================

Section Cross References

    startup_stm32f407xx.o(STACK) refers (Special) to heapauxi.o(.text) for __use_two_region_memory
    startup_stm32f407xx.o(HEAP) refers (Special) to heapauxi.o(.text) for __use_two_region_memory
    startup_stm32f407xx.o(RESET) refers (Special) to heapauxi.o(.text) for __use_two_region_memory
    startup_stm32f407xx.o(RESET) refers to startup_stm32f407xx.o(STACK) for __initial_sp
    startup_stm32f407xx.o(RESET) refers to startup_stm32f407xx.o(.text) for Reset_Handler
    startup_stm32f407xx.o(RESET) refers to stm32f4xx_it.o(i.NMI_Handler) for NMI_Handler
    startup_stm32f407xx.o(RESET) refers to stm32f4xx_it.o(i.HardFault_Handler) for HardFault_Handler
    startup_stm32f407xx.o(RESET) refers to stm32f4xx_it.o(i.MemManage_Handler) for MemManage_Handler
    startup_stm32f407xx.o(RESET) refers to stm32f4xx_it.o(i.BusFault_Handler) for BusFault_Handler
    startup_stm32f407xx.o(RESET) refers to stm32f4xx_it.o(i.UsageFault_Handler) for UsageFault_Handler
    startup_stm32f407xx.o(RESET) refers to stm32f4xx_it.o(i.SVC_Handler) for SVC_Handler
    startup_stm32f407xx.o(RESET) refers to stm32f4xx_it.o(i.DebugMon_Handler) for DebugMon_Handler
    startup_stm32f407xx.o(RESET) refers to stm32f4xx_it.o(i.PendSV_Handler) for PendSV_Handler
    startup_stm32f407xx.o(RESET) refers to stm32f4xx_it.o(i.SysTick_Handler) for SysTick_Handler
    startup_stm32f407xx.o(.text) refers (Special) to heapauxi.o(.text) for __use_two_region_memory
    startup_stm32f407xx.o(.text) refers to system_stm32f4xx.o(i.SystemInit) for SystemInit
    startup_stm32f407xx.o(.text) refers to __main.o(!!!main) for __main
    startup_stm32f407xx.o(.text) refers to startup_stm32f407xx.o(HEAP) for Heap_Mem
    startup_stm32f407xx.o(.text) refers to startup_stm32f407xx.o(STACK) for Stack_Mem
    lcd_character.o(i.lcd_Test) refers to stm32f4xx_hal_gpio.o(i.HAL_GPIO_WritePin) for HAL_GPIO_WritePin
    lcd_character.o(i.lcd_bin) refers to lcd_character.o(i.lcd_data) for lcd_data
    lcd_character.o(i.lcd_bin16) refers to lcd_character.o(i.lcd_data) for lcd_data
    lcd_character.o(i.lcd_bit) refers to lcd_character.o(i.lcd_data) for lcd_data
    lcd_character.o(i.lcd_clear) refers to lcd_character.o(i.lcd_cmd) for lcd_cmd
    lcd_character.o(i.lcd_clear) refers to lcd_character.o(i.wait_lcd) for wait_lcd
    lcd_character.o(i.lcd_cmd) refers to lcd_character.o(i.lcd_ins) for lcd_ins
    lcd_character.o(i.lcd_cmd) refers to lcd_character.o(i.wait_lcd) for wait_lcd
    lcd_character.o(i.lcd_data) refers to lcd_character.o(i.lcd_ins2) for lcd_ins2
    lcd_character.o(i.lcd_data) refers to lcd_character.o(i.wait_lcd) for wait_lcd
    lcd_character.o(i.lcd_en_clk) refers to stm32f4xx_hal_gpio.o(i.HAL_GPIO_WritePin) for HAL_GPIO_WritePin
    lcd_character.o(i.lcd_en_clk) refers to lcd_character.o(i.wait_lcd) for wait_lcd
    lcd_character.o(i.lcd_float6) refers to _printf_pad.o(.text) for _printf_pre_padding
    lcd_character.o(i.lcd_float6) refers to _printf_percent.o(.ARM.Collect$$_printf_percent$$00000000) for _printf_percent
    lcd_character.o(i.lcd_float6) refers to _printf_f.o(.ARM.Collect$$_printf_percent$$00000003) for _printf_f
    lcd_character.o(i.lcd_float6) refers to printf1.o(x$fpl$printf1) for _printf_fp_dec
    lcd_character.o(i.lcd_float6) refers to f2d.o(x$fpl$f2d) for __aeabi_f2d
    lcd_character.o(i.lcd_float6) refers to __2sprintf.o(.text) for __2sprintf
    lcd_character.o(i.lcd_float6) refers to lcd_character.o(i.lcd_data) for lcd_data
    lcd_character.o(i.lcd_float6) refers to lcd_character.o(.data) for .data
    lcd_character.o(i.lcd_gotoxy) refers to stm32f4xx_hal_gpio.o(i.HAL_GPIO_WritePin) for HAL_GPIO_WritePin
    lcd_character.o(i.lcd_gotoxy) refers to lcd_character.o(i.lcd_cmd) for lcd_cmd
    lcd_character.o(i.lcd_hex) refers to lcd_character.o(i.lcd_data) for lcd_data
    lcd_character.o(i.lcd_hex16) refers to lcd_character.o(i.lcd_hex) for lcd_hex
    lcd_character.o(i.lcd_hex32) refers to lcd_character.o(i.lcd_hex16) for lcd_hex16
    lcd_character.o(i.lcd_hex8) refers to lcd_character.o(i.lcd_hex) for lcd_hex
    lcd_character.o(i.lcd_init) refers to stm32f4xx_hal_gpio.o(i.HAL_GPIO_Init) for HAL_GPIO_Init
    lcd_character.o(i.lcd_init) refers to stm32f4xx_hal_gpio.o(i.HAL_GPIO_WritePin) for HAL_GPIO_WritePin
    lcd_character.o(i.lcd_init) refers to lcd_character.o(i.lcd_reset) for lcd_reset
    lcd_character.o(i.lcd_init) refers to lcd_character.o(i.lcd_cmd) for lcd_cmd
    lcd_character.o(i.lcd_init) refers to lcd_character.o(i.wait_lcd) for wait_lcd
    lcd_character.o(i.lcd_ins) refers to stm32f4xx_hal_gpio.o(i.HAL_GPIO_WritePin) for HAL_GPIO_WritePin
    lcd_character.o(i.lcd_ins) refers to lcd_character.o(i.lcd_en_clk) for lcd_en_clk
[...]
    ../Drivers/STM32F4xx_HAL_Driver/Src/stm32f4xx_hal_tim_ex.c 0x00000000   Number         0  stm32f4xx_hal_tim_ex.o ABSOLUTE
    ../Drivers/STM32F4xx_HAL_Driver/Src/stm32f4xx_hal_uart.c 0x00000000   Number         0  stm32f4xx_hal_uart.o ABSOLUTE
    ../clib/angel/boardlib.s                 0x00000000   Number         0  boardinit3.o ABSOLUTE
    ../clib/angel/boardlib.s                 0x00000000   Number         0  boardshut.o ABSOLUTE
    ../clib/angel/boardlib.s                 0x00000000   Number         0  boardinit2.o ABSOLUTE
    ../clib/angel/boardlib.s                 0x00000000   Number         0  boardinit1.o ABSOLUTE
    ../clib/angel/handlers.s                 0x00000000   Number         0  __scatter_zi.o ABSOLUTE
    ../clib/angel/handlers.s                 0x00000000   Number         0  __scatter_copy.o ABSOLUTE
    ../clib/angel/kernel.s                   0x00000000   Number         0  rtexit2.o ABSOLUTE
    ../clib/angel/kernel.s                   0x00000000   Number         0  __rtentry.o ABSOLUTE
    ../clib/angel/kernel.s                   0x00000000   Number         0  rtexit.o ABSOLUTE
    ../clib/angel/kernel.s                   0x00000000   Number         0  __rtentry4.o ABSOLUTE
    ../clib/angel/kernel.s                   0x00000000   Number         0  __rtentry2.o ABSOLUTE
    ../clib/angel/rt.s                       0x00000000   Number         0  aeabi_ldiv0_sigfpe.o ABSOLUTE
    ../clib/angel/rt.s                       0x00000000   Number         0  aeabi_ldiv0.o ABSOLUTE
    ../clib/angel/rt.s                       0x00000000   Number         0  rt_raise.o ABSOLUTE
    ../clib/angel/rt.s                       0x00000000   Number         0  rt_locale_intlibspace.o ABSOLUTE
    ../clib/angel/rt.s                       0x00000000   Number         0  rt_locale.o ABSOLUTE
    ../clib/angel/rt.s                       0x00000000   Number         0  rt_div0.o ABSOLUTE
    ../clib/angel/scatter.s                  0x00000000   Number         0  __scatter.o ABSOLUTE
    ../clib/angel/startup.s                  0x00000000   Number         0  __main.o ABSOLUTE
    ../clib/angel/sys.s                      0x00000000   Number         0  indicate_semi.o ABSOLUTE
    ../clib/angel/sys.s                      0x00000000   Number         0  use_no_semi.o ABSOLUTE
    ../clib/angel/sys.s                      0x00000000   Number         0  libspace.o ABSOLUTE
    ../clib/angel/sys.s                      0x00000000   Number         0  sys_stackheap_outer.o ABSOLUTE
    ../clib/angel/sysapp.c                   0x00000000   Number         0  sys_exit.o ABSOLUTE
    ../clib/angel/sysapp.c                   0x00000000   Number         0  sys_wrch.o ABSOLUTE
    ../clib/angel/sysapp.c                   0x00000000   Number         0  sys_command.o ABSOLUTE
    ../clib/armsys.c                         0x00000000   Number         0  argv_veneer.o ABSOLUTE
    ../clib/armsys.c                         0x00000000   Number         0  _get_argv_nomalloc.o ABSOLUTE
    ../clib/armsys.c                         0x00000000   Number         0  no_argv.o ABSOLUTE
    ../clib/armsys.c                         0x00000000   Number         0  argv_veneer.o ABSOLUTE
    ../clib/bigflt.c                         0x00000000   Number         0  bigflt0.o ABSOLUTE
    ../clib/btod.s                           0x00000000   Number         0  btod.o ABSOLUTE
    ../clib/heapalloc.c                      0x00000000   Number         0  hrguard.o ABSOLUTE
    ../clib/heapaux.c                        0x00000000   Number         0  heapauxi.o ABSOLUTE
    ../clib/libinit.s                        0x00000000   Number         0  libinit2.o ABSOLUTE
    ../clib/libinit.s                        0x00000000   Number         0  libinit.o ABSOLUTE
    ../clib/libinit.s                        0x00000000   Number         0  libshutdown.o ABSOLUTE
    ../clib/libinit.s                        0x00000000   Number         0  libshutdown2.o ABSOLUTE
    ../clib/locale.s                         0x00000000   Number         0  lc_numeric_c.o ABSOLUTE
    ../clib/longlong.s                       0x00000000   Number         0  lludivv7m.o ABSOLUTE
    ../clib/longlong.s                       0x00000000   Number         0  lludiv10.o ABSOLUTE
    ../clib/memcpset.s                       0x00000000   Number         0  strcmpv7m.o ABSOLUTE
    ../clib/memcpset.s                       0x00000000   Number         0  rt_memclr_w.o ABSOLUTE
    ../clib/misc.s                           0x00000000   Number         0  printf_stubs.o ABSOLUTE
    ../clib/printf.c                         0x00000000   Number         0  _printf_intcommon.o ABSOLUTE
    ../clib/printf.c                         0x00000000   Number         0  __printf_wp.o ABSOLUTE
    ../clib/printf.c                         0x00000000   Number         0  __printf_flags_ss.o ABSOLUTE
    ../clib/printf.c                         0x00000000   Number         0  __printf_ss.o ABSOLUTE
    ../clib/printf.c                         0x00000000   Number         0  __printf_flags_wp.o ABSOLUTE
    ../clib/printf.c                         0x00000000   Number         0  _printf_str.o ABSOLUTE
    ../clib/printf.c                         0x00000000   Number         0  __printf_flags.o ABSOLUTE
    ../clib/printf.c                         0x00000000   Number         0  noretval__2sprintf.o ABSOLUTE
    ../clib/printf.c                         0x00000000   Number         0  _printf_dec.o ABSOLUTE
    ../clib/printf.c                         0x00000000   Number         0  _printf_char.o ABSOLUTE
    ../clib/printf.c                         0x00000000   Number         0  _sputc.o ABSOLUTE
    ../clib/printf.c                         0x00000000   Number         0  _printf_char_common.o ABSOLUTE
    ../clib/printf.c                         0x00000000   Number         0  _printf_fp_infnan.o ABSOLUTE
    ../clib/printf.c                         0x00000000   Number         0  _printf_pad.o ABSOLUTE
    ../clib/printf.c                         0x00000000   Number         0  __printf.o ABSOLUTE
    ../clib/printf.c                         0x00000000   Number         0  _printf_fp_dec.o ABSOLUTE
    ../clib/printf.c                         0x00000000   Number         0  __printf_nopercent.o ABSOLUTE
    ../clib/printf.c                         0x00000000   Number         0  __2sprintf.o ABSOLUTE
    ../clib/printf.c                         0x00000000   Number         0  __printf_flags_ss_wp.o ABSOLUTE
    ../clib/printf.c                         0x00000000   Number         0  __printf_ss_wp.o ABSOLUTE
    ../clib/printf_percent.s                 0x00000000   Number         0  _printf_s.o ABSOLUTE
    ../clib/printf_percent.s                 0x00000000   Number         0  _printf_percent_end.o ABSOLUTE
    ../clib/printf_percent.s                 0x00000000   Number         0  _printf_d.o ABSOLUTE
    ../clib/printf_percent.s                 0x00000000   Number         0  _printf_percent.o ABSOLUTE
    ../clib/printf_percent.s                 0x00000000   Number         0  _printf_f.o ABSOLUTE
    ../clib/signal.c                         0x00000000   Number         0  defsig_cppl_inner.o ABSOLUTE
    ../clib/signal.c                         0x00000000   Number         0  defsig_pvfn_inner.o ABSOLUTE
    ../clib/signal.c                         0x00000000   Number         0  defsig_stak_inner.o ABSOLUTE
    ../clib/signal.c                         0x00000000   Number         0  defsig_rtmem_inner.o ABSOLUTE
    ../clib/signal.c                         0x00000000   Number         0  defsig_abrt_inner.o ABSOLUTE
    ../clib/signal.c                         0x00000000   Number         0  defsig_rtmem_formal.o ABSOLUTE
    ../clib/signal.c                         0x00000000   Number         0  defsig_rtmem_outer.o ABSOLUTE
    ../clib/signal.c                         0x00000000   Number         0  defsig_rtred_inner.o ABSOLUTE
    ../clib/signal.c                         0x00000000   Number         0  defsig_general.o ABSOLUTE
    ../clib/signal.c                         0x00000000   Number         0  __raise.o ABSOLUTE
    ../clib/signal.c                         0x00000000   Number         0  defsig_fpe_inner.o ABSOLUTE
    ../clib/signal.c                         0x00000000   Number         0  defsig_exit.o ABSOLUTE
    ../clib/signal.c                         0x00000000   Number         0  defsig_fpe_outer.o ABSOLUTE
    ../clib/signal.c                         0x00000000   Number         0  defsig_fpe_formal.o ABSOLUTE
    ../clib/signal.c                         0x00000000   Number         0  defsig_segv_inner.o ABSOLUTE
    ../clib/signal.c                         0x00000000   Number         0  defsig_other.o ABSOLUTE
    ../clib/signal.s                         0x00000000   Number         0  defsig.o ABSOLUTE
    ../clib/stdlib.c                         0x00000000   Number         0  exit.o ABSOLUTE
    ../clib/string.c                         0x00000000   Number         0  strlen.o ABSOLUTE
    ../fplib/dretinf.s                       0x00000000   Number         0  dretinf.o ABSOLUTE
    ../fplib/f2d.s                           0x00000000   Number         0  f2d.o ABSOLUTE
    ../fplib/fnaninf.s                       0x00000000   Number         0  fnaninf.o ABSOLUTE
    ../fplib/fpinit.s                        0x00000000   Number         0  fpinit.o ABSOLUTE
    ../fplib/istatus.s                       0x00000000   Number         0  istatus.o ABSOLUTE
    ../fplib/printf1.s                       0x00000000   Number         0  printf1.o ABSOLUTE
    ../fplib/usenofp.s                       0x00000000   Number         0  usenofp.o ABSOLUTE
    ../mathlib/fpclassify.c                  0x00000000   Number         0  fpclassify.o ABSOLUTE
    ..\..\..\..\Downloads\STM32-Tutorials-master\Tutorial 25 - DHT22 Temperature Sensor\MY_DHT22.c 0x00000000   Number         0  my_dht22.o ABSOLUTE
    ..\Core\Src\lcd_character.c              0x00000000   Number         0  lcd_character.o ABSOLUTE
    ..\Core\Src\main.c                       0x00000000   Number         0  main.o ABSOLUTE
    ..\Core\Src\stm32f4xx_hal_msp.c          0x00000000   Number         0  stm32f4xx_hal_msp.o ABSOLUTE
    ..\Core\Src\stm32f4xx_it.c               0x00000000   Number         0  stm32f4xx_it.o ABSOLUTE
    ..\Core\Src\system_stm32f4xx.c           0x00000000   Number         0  system_stm32f4xx.o ABSOLUTE
    ..\Drivers\STM32F4xx_HAL_Driver\Src\stm32f4xx_hal.c 0x00000000   Number         0  stm32f4xx_hal.o ABSOLUTE
    ..\Drivers\STM32F4xx_HAL_Driver\Src\stm32f4xx_hal_cortex.c 0x00000000   Number         0  stm32f4xx_hal_cortex.o ABSOLUTE
    ..\Drivers\STM32F4xx_HAL_Driver\Src\stm32f4xx_hal_dac.c 0x00000000   Number         0  stm32f4xx_hal_dac.o ABSOLUTE
    ..\Drivers\STM32F4xx_HAL_Driver\Src\stm32f4xx_hal_dac_ex.c 0x00000000   Number         0  stm32f4xx_hal_dac_ex.o ABSOLUTE
    ..\Drivers\STM32F4xx_HAL_Driver\Src\stm32f4xx_hal_dma.c 0x00000000   Number         0  stm32f4xx_hal_dma.o ABSOLUTE
    ..\Drivers\STM32F4xx_HAL_Driver\Src\stm32f4xx_hal_dma_ex.c 0x00000000   Number         0  stm32f4xx_hal_dma_ex.o ABSOLUTE
    ..\Drivers\STM32F4xx_HAL_Driver\Src\stm32f4xx_hal_exti.c 0x00000000   Number         0  stm32f4xx_hal_exti.o ABSOLUTE
    ..\Drivers\STM32F4xx_HAL_Driver\Src\stm32f4xx_hal_flash.c 0x00000000   Number         0  stm32f4xx_hal_flash.o ABSOLUTE
    ..\Drivers\STM32F4xx_HAL_Driver\Src\stm32f4xx_hal_flash_ex.c 0x00000000   Number         0  stm32f4xx_hal_flash_ex.o ABSOLUTE
    ..\Drivers\STM32F4xx_HAL_Driver\Src\stm32f4xx_hal_flash_ramfunc.c 0x00000000   Number         0  stm32f4xx_hal_flash_ramfunc.o ABSOLUTE
    ..\Drivers\STM32F4xx_HAL_Driver\Src\stm32f4xx_hal_gpio.c 0x00000000   Number         0  stm32f4xx_hal_gpio.o ABSOLUTE
    ..\Drivers\STM32F4xx_HAL_Driver\Src\stm32f4xx_hal_pwr.c 0x00000000   Number         0  stm32f4xx_hal_pwr.o ABSOLUTE
    ..\Drivers\STM32F4xx_HAL_Driver\Src\stm32f4xx_hal_pwr_ex.c 0x00000000   Number         0  stm32f4xx_hal_pwr_ex.o ABSOLUTE
    ..\Drivers\STM32F4xx_HAL_Driver\Src\stm32f4xx_hal_rcc.c 0x00000000   Number         0  stm32f4xx_hal_rcc.o ABSOLUTE
    ..\Drivers\STM32F4xx_HAL_Driver\Src\stm32f4xx_hal_rcc_ex.c 0x00000000   Number         0  stm32f4xx_hal_rcc_ex.o ABSOLUTE
    ..\Drivers\STM32F4xx_HAL_Driver\Src\stm32f4xx_hal_tim.c 0x00000000   Number         0  stm32f4xx_hal_tim.o ABSOLUTE
    ..\Drivers\STM32F4xx_HAL_Driver\Src\stm32f4xx_hal_tim_ex.c 0x00000000   Number         0  stm32f4xx_hal_tim_ex.o ABSOLUTE
    ..\Drivers\STM32F4xx_HAL_Driver\Src\stm32f4xx_hal_uart.c 0x00000000   Number         0  stm32f4xx_hal_uart.o ABSOLUTE
    ..\\..\\..\\..\\Downloads\\STM32-Tutorials-master\\Tutorial 25 - DHT22 Temperature Sensor\\MY_DHT22.c 0x00000000   Number         0  my_dht22.o ABSOLUTE
    ..\\Core\\Src\\lcd_character.c           0x00000000   Number         0  lcd_character.o ABSOLUTE
    dc.s                                     0x00000000   Number         0  dc.o ABSOLUTE
    startup_stm32f407xx.s                    0x00000000   Number         0  startup_stm32f407xx.o ABSOLUTE
    RESET                                    0x08000000   Section      392  startup_stm32f407xx.o(RESET)
    !!!main                                  0x08000188   Section        8  __main.o(!!!main)
    !!!scatter                               0x08000190   Section       52  __scatter.o(!!!scatter)
    !!handler_copy                           0x080001c4   Section       26  __scatter_copy.o(!!handler_copy)
    !!handler_zi                             0x080001e0   Section       28  __scatter_zi.o(!!handler_zi)
    .ARM.Collect$$_printf_percent$$00000000  0x080001fc   Section        0  _printf_percent.o(.ARM.Collect$$_printf_percent$$00000000)
    .ARM.Collect$$_printf_percent$$00000003  0x080001fc   Section        6  _printf_f.o(.ARM.Collect$$_printf_percent$$00000003)
    .ARM.Collect$$_printf_percent$$00000009  0x08000202   Section        6  _printf_d.o(.ARM.Collect$$_printf_percent$$00000009)
    .ARM.Collect$$_printf_percent$$00000014  0x08000208   Section        6  _printf_s.o(.ARM.Collect$$_printf_percent$$00000014)
    .ARM.Collect$$_printf_percent$$00000017  0x0800020e   Section        4  _printf_percent_end.o(.ARM.Collect$$_printf_percent$$00000017)
    .ARM.Collect$$libinit$$00000000          0x08000212   Section        2  libinit.o(.ARM.Collect$$libinit$$00000000)
    .ARM.Collect$$libinit$$00000001          0x08000214   Section        4  libinit2.o(.ARM.Collect$$libinit$$00000001)
    .ARM.Collect$$libinit$$00000004          0x08000218   Section        0  libinit2.o(.ARM.Collect$$libinit$$00000004)
    .ARM.Collect$$libinit$$0000000A          0x08000218   Section        0  libinit2.o(.ARM.Collect$$libinit$$0000000A)
    .ARM.Collect$$libinit$$0000000C          0x08000218   Section        0  libinit2.o(.ARM.Collect$$libinit$$0000000C)
    .ARM.Collect$$libinit$$0000000E          0x08000218   Section        0  libinit2.o(.ARM.Collect$$libinit$$0000000E)
    .ARM.Collect$$libinit$$0000000F          0x08000218   Section        6  libinit2.o(.ARM.Collect$$libinit$$0000000F)
    .ARM.Collect$$libinit$$00000011          0x0800021e   Section        0  libinit2.o(.ARM.Collect$$libinit$$00000011)
    .ARM.Collect$$libinit$$00000013          0x0800021e   Section        0  libinit2.o(.ARM.Collect$$libinit$$00000013)
    .ARM.Collect$$libinit$$00000015          0x0800021e   Section        0  libinit2.o(.ARM.Collect$$libinit$$00000015)
    .ARM.Collect$$libinit$$00000016          0x0800021e   Section       10  libinit2.o(.ARM.Collect$$libinit$$00000016)
    .ARM.Collect$$libinit$$00000017          0x08000228   Section        0  libinit2.o(.ARM.Collect$$libinit$$00000017)
    .ARM.Collect$$libinit$$00000019          0x08000228   Section        0  libinit2.o(.ARM.Collect$$libinit$$00000019)
    .ARM.Collect$$libinit$$0000001B          0x08000228   Section        0  libinit2.o(.ARM.Collect$$libinit$$0000001B)
    .ARM.Collect$$libinit$$0000001D          0x08000228   Section        0  libinit2.o(.ARM.Collect$$libinit$$0000001D)
    .ARM.Collect$$libinit$$0000001F          0x08000228   Section        0  libinit2.o(.ARM.Collect$$libinit$$0000001F)
    .ARM.Collect$$libinit$$00000021          0x08000228   Section        0  libinit2.o(.ARM.Collect$$libinit$$00000021)
    .ARM.Collect$$libinit$$00000023          0x08000228   Section        0  libinit2.o(.ARM.Collect$$libinit$$00000023)
    .ARM.Collect$$libinit$$00000025          0x08000228   Section        0  libinit2.o(.ARM.Collect$$libinit$$00000025)
    .ARM.Collect$$libinit$$0000002C          0x08000228   Section        0  libinit2.o(.ARM.Collect$$libinit$$0000002C)
    .ARM.Collect$$libinit$$0000002E          0x08000228   Section        0  libinit2.o(.ARM.Collect$$libinit$$0000002E)
    .ARM.Collect$$libinit$$00000030          0x08000228   Section        0  libinit2.o(.ARM.Collect$$libinit$$00000030)
    .ARM.Collect$$libinit$$00000032          0x08000228   Section        0  libinit2.o(.ARM.Collect$$libinit$$00000032)
    .ARM.Collect$$libinit$$00000033          0x08000228   Section        2  libinit2.o(.ARM.Collect$$libinit$$00000033)
    .ARM.Collect$$libshutdown$$00000000      0x0800022a   Section        2  libshutdown.o(.ARM.Collect$$libshutdown$$00000000)
    .ARM.Collect$$libshutdown$$00000002      0x0800022c   Section        0  libshutdown2.o(.ARM.Collect$$libshutdown$$00000002)
    .ARM.Collect$$libshutdown$$00000004      0x0800022c   Section        0  libshutdown2.o(.ARM.Collect$$libshutdown$$00000004)
    .ARM.Collect$$libshutdown$$00000006      0x0800022c   Section        0  libshutdown2.o(.ARM.Collect$$libshutdown$$00000006)
    .ARM.Collect$$libshutdown$$00000009      0x0800022c   Section        0  libshutdown2.o(.ARM.Collect$$libshutdown$$00000009)
    .ARM.Collect$$libshutdown$$0000000C      0x0800022c   Section        0  libshutdown2.o(.ARM.Collect$$libshutdown$$0000000C)
    .ARM.Collect$$libshutdown$$0000000E      0x0800022c   Section        0  libshutdown2.o(.ARM.Collect$$libshutdown$$0000000E)
    .ARM.Collect$$libshutdown$$00000011      0x0800022c   Section        0  libshutdown2.o(.ARM.Collect$$libshutdown$$00000011)
    .ARM.Collect$$libshutdown$$00000012      0x0800022c   Section        2  libshutdown2.o(.ARM.Collect$$libshutdown$$00000012)
    .ARM.Collect$$rtentry$$00000000          0x0800022e   Section        0  __rtentry.o(.ARM.Collect$$rtentry$$00000000)
    .ARM.Collect$$rtentry$$00000002          0x0800022e   Section        0  __rtentry2.o(.ARM.Collect$$rtentry$$00000002)
    .ARM.Collect$$rtentry$$00000004          0x0800022e   Section        6  __rtentry4.o(.ARM.Collect$$rtentry$$00000004)
    .ARM.Collect$$rtentry$$00000009          0x08000234   Section        0  __rtentry2.o(.ARM.Collect$$rtentry$$00000009)
    .ARM.Collect$$rtentry$$0000000A          0x08000234   Section        4  __rtentry2.o(.ARM.Collect$$rtentry$$0000000A)
    .ARM.Collect$$rtentry$$0000000C          0x08000238   Section        0  __rtentry2.o(.ARM.Collect$$rtentry$$0000000C)
    .ARM.Collect$$rtentry$$0000000D          0x08000238   Section        8  __rtentry2.o(.ARM.Collect$$rtentry$$0000000D)
    .ARM.Collect$$rtexit$$00000000           0x08000240   Section        2  rtexit.o(.ARM.Collect$$rtexit$$00000000)
    .ARM.Collect$$rtexit$$00000002           0x08000242   Section        0  rtexit2.o(.ARM.Collect$$rtexit$$00000002)
    .ARM.Collect$$rtexit$$00000003           0x08000242   Section        4  rtexit2.o(.ARM.Collect$$rtexit$$00000003)
    .ARM.Collect$$rtexit$$00000004           0x08000246   Section        6  rtexit2.o(.ARM.Collect$$rtexit$$00000004)
    .text                                    0x0800024c   Section       64  startup_stm32f407xx.o(.text)
    $v0                                      0x0800024c   Number         0  startup_stm32f407xx.o(.text)
    .text                                    0x0800028c   Section      238  lludivv7m.o(.text)
    .text                                    0x0800037c   Section        0  __2sprintf.o(.text)
    .text                                    0x080003a8   Section        0  _printf_str.o(.text)
    .text                                    0x080003fc   Section        0  _printf_dec.o(.text)
    .text                                    0x08000474   Section        0  __printf_flags_wp.o(.text)
    .text                                    0x080005ac   Section        0  strlen.o(.text)
    .text                                    0x080005ea   Section       78  rt_memclr_w.o(.text)
    .text                                    0x08000638   Section        0  heapauxi.o(.text)
    .text                                    0x0800063e   Section        0  _printf_intcommon.o(.text)
    .text                                    0x080006f0   Section        0  _printf_fp_dec.o(.text)
    _fp_digits                               0x080006f3   Thumb Code   432  _printf_fp_dec.o(.text)
    .text                                    0x08000b10   Section        0  _printf_char_common.o(.text)
    _printf_input_char                       0x08000b11   Thumb Code    10  _printf_char_common.o(.text)
    .text                                    0x08000b40   Section        0  _sputc.o(.text)
    .text                                    0x08000b4a   Section        0  _printf_char.o(.text)
    .text                                    0x08000b78   Section        8  rt_locale_intlibspace.o(.text)
    .text                                    0x08000b80   Section      138  lludiv10.o(.text)
    .text                                    0x08000c0c   Section        0  _printf_fp_infnan.o(.text)
    .text                                    0x08000c8c   Section        0  bigflt0.o(.text)
    .text                                    0x08000d70   Section        8  libspace.o(.text)
    .text                                    0x08000d78   Section       74  sys_stackheap_outer.o(.text)
    .text                                    0x08000dc2   Section        0  exit.o(.text)
    .text                                    0x08000dd4   Section      128  strcmpv7m.o(.text)
    .text                                    0x08000e54   Section        0  sys_exit.o(.text)
    .text                                    0x08000e60   Section        2  use_no_semi.o(.text)
    .text                                    0x08000e62   Section        0  indicate_semi.o(.text)
    CL$$btod_d2e                             0x08000e62   Section       62  btod.o(CL$$btod_d2e)
    CL$$btod_d2e_denorm_low                  0x08000ea0   Section       70  btod.o(CL$$btod_d2e_denorm_low)
    CL$$btod_d2e_norm_op1                    0x08000ee6   Section       96  btod.o(CL$$btod_d2e_norm_op1)
    CL$$btod_div_common                      0x08000f46   Section      824  btod.o(CL$$btod_div_common)
    CL$$btod_e2e                             0x0800127e   Section      220  btod.o(CL$$btod_e2e)
    CL$$btod_ediv                            0x0800135a   Section       42  btod.o(CL$$btod_ediv)
    CL$$btod_emul                            0x08001384   Section       42  btod.o(CL$$btod_emul)
    CL$$btod_mult_common                     0x080013ae   Section      580  btod.o(CL$$btod_mult_common)
    i.BusFault_Handler                       0x080015f2   Section        0  stm32f4xx_it.o(i.BusFault_Handler)
    i.DHT22_GetTemp_Humidity                 0x080015f4   Section        0  my_dht22.o(i.DHT22_GetTemp_Humidity)
    i.DHT22_Init                             0x0800167c   Section        0  my_dht22.o(i.DHT22_Init)
    i.DHT22_ReadRaw                          0x080016a4   Section        0  my_dht22.o(i.DHT22_ReadRaw)
    DHT22_ReadRaw                            0x080016a5   Thumb Code   148  my_dht22.o(i.DHT22_ReadRaw)
    i.DebugMon_Handler                       0x08001738   Section        0  stm32f4xx_it.o(i.DebugMon_Handler)
    i.DelayMicroSeconds                      0x0800173c   Section        0  my_dht22.o(i.DelayMicroSeconds)
    DelayMicroSeconds                        0x0800173d   Thumb Code    18  my_dht22.o(i.DelayMicroSeconds)
    i.HAL_DAC_ConfigChannel                  0x08001758   Section        0  stm32f4xx_hal_dac.o(i.HAL_DAC_ConfigChannel)
    i.HAL_DAC_Init                           0x0800179e   Section        0  stm32f4xx_hal_dac.o(i.HAL_DAC_Init)
    i.HAL_DAC_MspInit                        0x080017c8   Section        0  stm32f4xx_hal_msp.o(i.HAL_DAC_MspInit)
    i.HAL_DAC_SetValue                       0x08001828   Section        0  stm32f4xx_hal_dac.o(i.HAL_DAC_SetValue)
    i.HAL_DAC_Start                          0x08001842   Section        0  stm32f4xx_hal_dac.o(i.HAL_DAC_Start)
    i.HAL_Delay                              0x080018a0   Section        0  stm32f4xx_hal.o(i.HAL_Delay)
    i.HAL_GPIO_Init                          0x080018c4   Section        0  stm32f4xx_hal_gpio.o(i.HAL_GPIO_Init)
    i.HAL_GPIO_ReadPin                       0x08001ab4   Section        0  stm32f4xx_hal_gpio.o(i.HAL_GPIO_ReadPin)
    i.HAL_GPIO_WritePin                      0x08001abe   Section        0  stm32f4xx_hal_gpio.o(i.HAL_GPIO_WritePin)
    i.HAL_GetTick                            0x08001ac8   Section        0  stm32f4xx_hal.o(i.HAL_GetTick)
    i.HAL_IncTick                            0x08001ad4   Section        0  stm32f4xx_hal.o(i.HAL_IncTick)
    i.HAL_Init                               0x08001ae4   Section        0  stm32f4xx_hal.o(i.HAL_Init)
    i.HAL_InitTick                           0x08001b18   Section        0  stm32f4xx_hal.o(i.HAL_InitTick)
    i.HAL_MspInit                            0x08001b58   Section        0  stm32f4xx_hal_msp.o(i.HAL_MspInit)
    i.HAL_NVIC_SetPriority                   0x08001b88   Section        0  stm32f4xx_hal_cortex.o(i.HAL_NVIC_SetPriority)
    i.HAL_NVIC_SetPriorityGrouping           0x08001bc8   Section        0  stm32f4xx_hal_cortex.o(i.HAL_NVIC_SetPriorityGrouping)
    i.HAL_RCC_ClockConfig                    0x08001bec   Section        0  stm32f4xx_hal_rcc.o(i.HAL_RCC_ClockConfig)
    i.HAL_RCC_GetPCLK1Freq                   0x08001d20   Section        0  stm32f4xx_hal_rcc.o(i.HAL_RCC_GetPCLK1Freq)
    i.HAL_RCC_GetPCLK2Freq                   0x08001d40   Section        0  stm32f4xx_hal_rcc.o(i.HAL_RCC_GetPCLK2Freq)
    i.HAL_RCC_GetSysClockFreq                0x08001d60   Section        0  stm32f4xx_hal_rcc.o(i.HAL_RCC_GetSysClockFreq)
    i.HAL_RCC_OscConfig                      0x08001dc4   Section        0  stm32f4xx_hal_rcc.o(i.HAL_RCC_OscConfig)
    i.HAL_SYSTICK_Config                     0x08002130   Section        0  stm32f4xx_hal_cortex.o(i.HAL_SYSTICK_Config)
    i.HAL_UART_Init                          0x08002158   Section        0  stm32f4xx_hal_uart.o(i.HAL_UART_Init)
    i.HAL_UART_MspInit                       0x080021bc   Section        0  stm32f4xx_hal_msp.o(i.HAL_UART_MspInit)
    i.HAL_UART_Transmit                      0x08002228   Section        0  stm32f4xx_hal_uart.o(i.HAL_UART_Transmit)
    i.HardFault_Handler                      0x080022da   Section        0  stm32f4xx_it.o(i.HardFault_Handler)
    i.MX_GPIO_Init                           0x080022dc   Section        0  main.o(i.MX_GPIO_Init)
    MX_GPIO_Init                             0x080022dd   Thumb Code   120  main.o(i.MX_GPIO_Init)
    i.MemManage_Handler                      0x08002360   Section        0  stm32f4xx_it.o(i.MemManage_Handler)
    i.NMI_Handler                            0x08002362   Section        0  stm32f4xx_it.o(i.NMI_Handler)
    i.ONE_WIRE_PinMode                       0x08002364   Section        0  my_dht22.o(i.ONE_WIRE_PinMode)
    ONE_WIRE_PinMode                         0x08002365   Thumb Code    44  my_dht22.o(i.ONE_WIRE_PinMode)
    i.ONE_WIRE_Pin_Read                      0x08002394   Section        0  my_dht22.o(i.ONE_WIRE_Pin_Read)
    ONE_WIRE_Pin_Read                        0x08002395   Thumb Code    18  my_dht22.o(i.ONE_WIRE_Pin_Read)
    i.ONE_WIRE_Pin_Write                     0x080023ac   Section        0  my_dht22.o(i.ONE_WIRE_Pin_Write)
    ONE_WIRE_Pin_Write                       0x080023ad   Thumb Code    16  my_dht22.o(i.ONE_WIRE_Pin_Write)
    i.PendSV_Handler                         0x080023c0   Section        0  stm32f4xx_it.o(i.PendSV_Handler)
    i.SVC_Handler                            0x080023c2   Section        0  stm32f4xx_it.o(i.SVC_Handler)
    i.SysTick_Handler                        0x080023c4   Section        0  stm32f4xx_it.o(i.SysTick_Handler)
    i.SystemClock_Config                     0x080023c8   Section        0  main.o(i.SystemClock_Config)
    i.SystemInit                             0x08002444   Section        0  system_stm32f4xx.o(i.SystemInit)
    i.UART_SetConfig                         0x08002454   Section        0  stm32f4xx_hal_uart.o(i.UART_SetConfig)
    UART_SetConfig                           0x08002455   Thumb Code   258  stm32f4xx_hal_uart.o(i.UART_SetConfig)
    i.UART_WaitOnFlagUntilTimeout            0x08002560   Section        0  stm32f4xx_hal_uart.o(i.UART_WaitOnFlagUntilTimeout)
    UART_WaitOnFlagUntilTimeout              0x08002561   Thumb Code   120  stm32f4xx_hal_uart.o(i.UART_WaitOnFlagUntilTimeout)
    i.UsageFault_Handler                     0x080025d8   Section        0  stm32f4xx_it.o(i.UsageFault_Handler)
    i.__ARM_fpclassify                       0x080025da   Section        0  fpclassify.o(i.__ARM_fpclassify)
    i.__NVIC_SetPriority                     0x0800260a   Section        0  stm32f4xx_hal_cortex.o(i.__NVIC_SetPriority)
    __NVIC_SetPriority                       0x0800260b   Thumb Code    32  stm32f4xx_hal_cortex.o(i.__NVIC_SetPriority)
    i._is_digit                              0x0800262a   Section        0  __printf_wp.o(i._is_digit)
    i.lcd_clear                              0x08002638   Section        0  lcd_character.o(i.lcd_clear)
    i.lcd_cmd                                0x0800264c   Section        0  lcd_character.o(i.lcd_cmd)
    i.lcd_data                               0x08002668   Section        0  lcd_character.o(i.lcd_data)
    i.lcd_en_clk                             0x08002684   Section        0  lcd_character.o(i.lcd_en_clk)
    i.lcd_gotoxy                             0x080026ac   Section        0  lcd_character.o(i.lcd_gotoxy)
    i.lcd_ins                                0x080026e8   Section        0  lcd_character.o(i.lcd_ins)
    i.lcd_ins2                               0x08002714   Section        0  lcd_character.o(i.lcd_ins2)
    i.lcd_puts                               0x08002740   Section        0  lcd_character.o(i.lcd_puts)
    i.main                                   0x08002754   Section        0  main.o(i.main)
    i.wait_lcd                               0x08002a20   Section        0  lcd_character.o(i.wait_lcd)
    locale$$code                             0x08002a30   Section       44  lc_numeric_c.o(locale$$code)
    x$fpl$dretinf                            0x08002a5c   Section       12  dretinf.o(x$fpl$dretinf)
    $v0                                      0x08002a5c   Number         0  dretinf.o(x$fpl$dretinf)
    x$fpl$f2d                                0x08002a68   Section       86  f2d.o(x$fpl$f2d)
    $v0                                      0x08002a68   Number         0  f2d.o(x$fpl$f2d)
    x$fpl$fnaninf                            0x08002abe   Section      140  fnaninf.o(x$fpl$fnaninf)
    $v0                                      0x08002abe   Number         0  fnaninf.o(x$fpl$fnaninf)
    x$fpl$fpinit                             0x08002b4a   Section       10  fpinit.o(x$fpl$fpinit)
    $v0                                      0x08002b4a   Number         0  fpinit.o(x$fpl$fpinit)
    x$fpl$printf1                            0x08002b54   Section        4  printf1.o(x$fpl$printf1)
    $v0                                      0x08002b54   Number         0  printf1.o(x$fpl$printf1)
    .constdata                               0x08002b58   Section       16  system_stm32f4xx.o(.constdata)
    x$fpl$usenofp                            0x08002b58   Section        0  usenofp.o(x$fpl$usenofp)
    .constdata                               0x08002b68   Section        8  system_stm32f4xx.o(.constdata)
    .constdata                               0x08002b70   Section       17  __printf_flags_wp.o(.constdata)
    maptable                                 0x08002b70   Data          17  __printf_flags_wp.o(.constdata)
    .constdata                               0x08002b84   Section      148  bigflt0.o(.constdata)
    tenpwrs_x                                0x08002b84   Data          60  bigflt0.o(.constdata)
    tenpwrs_i                                0x08002bc0   Data          64  bigflt0.o(.constdata)
    locale$$data                             0x08002c38   Section       28  lc_numeric_c.o(locale$$data)
    __lcnum_c_name                           0x08002c3c   Data           2  lc_numeric_c.o(locale$$data)
    __lcnum_c_start                          0x08002c44   Data           0  lc_numeric_c.o(locale$$data)
    __lcnum_c_point                          0x08002c50   Data           0  lc_numeric_c.o(locale$$data)
    __lcnum_c_thousands                      0x08002c52   Data           0  lc_numeric_c.o(locale$$data)
    __lcnum_c_grouping                       0x08002c53   Data           0  lc_numeric_c.o(locale$$data)
    __lcnum_c_end                            0x08002c54   Data           0  lc_numeric_c.o(locale$$data)
    .data                                    0x20000000   Section        8  my_dht22.o(.data)
    oneWirePin_Idx                           0x20000000   Data           1  my_dht22.o(.data)
    oneWire_PIN                              0x20000002   Data           2  my_dht22.o(.data)
    oneWire_PORT                             0x20000004   Data           4  my_dht22.o(.data)
    .data                                    0x20000008   Section       12  main.o(.data)
    .data                                    0x20000014   Section       12  stm32f4xx_hal.o(.data)
    .data                                    0x20000020   Section        4  system_stm32f4xx.o(.data)
    .bss                                     0x20000024   Section      388  main.o(.bss)
    .bss                                     0x200001a8   Section       96  libspace.o(.bss)
    HEAP                                     0x20000208   Section      512  startup_stm32f407xx.o(HEAP)
    Heap_Mem                                 0x20000208   Data         512  startup_stm32f407xx.o(HEAP)
    STACK                                    0x20000408   Section     1024  startup_stm32f407xx.o(STACK)
    Stack_Mem                                0x20000408   Data        1024  startup_stm32f407xx.o(STACK)
    __initial_sp                             0x20000808   Data           0  startup_stm32f407xx.o(STACK)

    Global Symbols

    Symbol Name                              Value     Ov Type        Size  Object(Section)

    BuildAttributes$$THM_ISAv4$E$P$D$K$B$S$7EM$VFPi3$EXTD16$VFPS$VFMA$PE$A:L22UL41UL21$X:L11$S22US41US21$IEEE1$IW$USESV6$~STKCKD$USESV7$~SHL$OTIME$ROPI$IEEEJ$EBA8$UX$STANDARDLIB$REQ8$PRES8$EABIv2 0x00000000   Number         0  anon$$obj.o ABSOLUTE
    __ARM_use_no_argv                        0x00000000   Number         0  main.o ABSOLUTE
    _printf_flags                            0x00000000   Number         0  printf_stubs.o ABSOLUTE
    _printf_return_value                     0x00000000   Number         0  printf_stubs.o ABSOLUTE
    _printf_sizespec                         0x00000000   Number         0  printf_stubs.o ABSOLUTE
    _printf_widthprec                        0x00000000   Number         0  printf_stubs.o ABSOLUTE
    __ARM_exceptions_init                     - Undefined Weak Reference
    __alloca_initialize                       - Undefined Weak Reference
    __arm_fini_                               - Undefined Weak Reference
    __arm_preinit_                            - Undefined Weak Reference
    __cpp_initialize__aeabi_                  - Undefined Weak Reference
    __cxa_finalize                            - Undefined Weak Reference
    __sigvec_lookup                           - Undefined Weak Reference
    _atexit_init                              - Undefined Weak Reference
    _call_atexit_fns                          - Undefined Weak Reference
    _clock_init                               - Undefined Weak Reference
    _fp_trap_init                             - Undefined Weak Reference
    _fp_trap_shutdown                         - Undefined Weak Reference
    _get_lc_collate                           - Undefined Weak Reference
    _get_lc_ctype                             - Undefined Weak Reference
    _get_lc_monetary                          - Undefined Weak Reference
    _get_lc_time                              - Undefined Weak Reference
    _getenv_init                              - Undefined Weak Reference
    _handle_redirection                       - Undefined Weak Reference
    _init_alloc                               - Undefined Weak Reference
    _init_user_alloc                          - Undefined Weak Reference
    _initio                                   - Undefined Weak Reference
    _printf_mbtowc                            - Undefined Weak Reference
    _printf_truncate_signed                   - Undefined Weak Reference
    _printf_truncate_unsigned                 - Undefined Weak Reference
    _rand_init                                - Undefined Weak Reference
    _signal_finish                            - Undefined Weak Reference
    _signal_init                              - Undefined Weak Reference
    _terminate_alloc                          - Undefined Weak Reference
    _terminate_user_alloc                     - Undefined Weak Reference
    _terminateio                              - Undefined Weak Reference
    __Vectors_Size                           0x00000188   Number         0  startup_stm32f407xx.o ABSOLUTE
    __Vectors                                0x08000000   Data           4  startup_stm32f407xx.o(RESET)
    __Vectors_End                            0x08000188   Data           0  startup_stm32f407xx.o(RESET)
    __main                                   0x08000189   Thumb Code     8  __main.o(!!!main)
    __scatterload                            0x08000191   Thumb Code     0  __scatter.o(!!!scatter)
    __scatterload_rt2                        0x08000191   Thumb Code    44  __scatter.o(!!!scatter)
    __scatterload_rt2_thumb_only             0x08000191   Thumb Code     0  __scatter.o(!!!scatter)
    __scatterload_null                       0x0800019f   Thumb Code     0  __scatter.o(!!!scatter)
    __scatterload_copy                       0x080001c5   Thumb Code    26  __scatter_copy.o(!!handler_copy)
    __scatterload_zeroinit                   0x080001e1   Thumb Code    28  __scatter_zi.o(!!handler_zi)
    _printf_f                                0x080001fd   Thumb Code     0  _printf_f.o(.ARM.Collect$$_printf_percent$$00000003)
    _printf_percent                          0x080001fd   Thumb Code     0  _printf_percent.o(.ARM.Collect$$_printf_percent$$00000000)
    _printf_d                                0x08000203   Thumb Code     0  _printf_d.o(.ARM.Collect$$_printf_percent$$00000009)
    _printf_s                                0x08000209   Thumb Code     0  _printf_s.o(.ARM.Collect$$_printf_percent$$00000014)
    _printf_percent_end                      0x0800020f   Thumb Code     0  _printf_percent_end.o(.ARM.Collect$$_printf_percent$$00000017)
    __rt_lib_init                            0x08000213   Thumb Code     0  libinit.o(.ARM.Collect$$libinit$$00000000)
    __rt_lib_init_fp_1                       0x08000215   Thumb Code     0  libinit2.o(.ARM.Collect$$libinit$$00000001)
    __rt_lib_init_heap_1                     0x08000219   Thumb Code     0  libinit2.o(.ARM.Collect$$libinit$$0000000A)
    __rt_lib_init_lc_common                  0x08000219   Thumb Code     0  libinit2.o(.ARM.Collect$$libinit$$0000000F)
    __rt_lib_init_preinit_1                  0x08000219   Thumb Code     0  libinit2.o(.ARM.Collect$$libinit$$00000004)
    __rt_lib_init_rand_1                     0x08000219   Thumb Code     0  libinit2.o(.ARM.Collect$$libinit$$0000000E)
    __rt_lib_init_user_alloc_1               0x08000219   Thumb Code     0  libinit2.o(.ARM.Collect$$libinit$$0000000C)
    __rt_lib_init_lc_collate_1               0x0800021f   Thumb Code     0  libinit2.o(.ARM.Collect$$libinit$$00000011)
    __rt_lib_init_lc_ctype_1                 0x0800021f   Thumb Code     0  libinit2.o(.ARM.Collect$$libinit$$00000013)
    __rt_lib_init_lc_monetary_1              0x0800021f   Thumb Code     0  libinit2.o(.ARM.Collect$$libinit$$00000015)
    __rt_lib_init_lc_numeric_2               0x0800021f   Thumb Code     0  libinit2.o(.ARM.Collect$$libinit$$00000016)
    __rt_lib_init_alloca_1                   0x08000229   Thumb Code     0  libinit2.o(.ARM.Collect$$libinit$$0000002E)
    __rt_lib_init_argv_1                     0x08000229   Thumb Code     0  libinit2.o(.ARM.Collect$$libinit$$0000002C)
    __rt_lib_init_atexit_1                   0x08000229   Thumb Code     0  libinit2.o(.ARM.Collect$$libinit$$0000001B)
    __rt_lib_init_clock_1                    0x08000229   Thumb Code     0  libinit2.o(.ARM.Collect$$libinit$$00000021)
    __rt_lib_init_cpp_1                      0x08000229   Thumb Code     0  libinit2.o(.ARM.Collect$$libinit$$00000032)
    __rt_lib_init_exceptions_1               0x08000229   Thumb Code     0  libinit2.o(.ARM.Collect$$libinit$$00000030)
    __rt_lib_init_fp_trap_1                  0x08000229   Thumb Code     0  libinit2.o(.ARM.Collect$$libinit$$0000001F)
    __rt_lib_init_getenv_1                   0x08000229   Thumb Code     0  libinit2.o(.ARM.Collect$$libinit$$00000023)
    __rt_lib_init_lc_numeric_1               0x08000229   Thumb Code     0  libinit2.o(.ARM.Collect$$libinit$$00000017)
    __rt_lib_init_lc_time_1                  0x08000229   Thumb Code     0  libinit2.o(.ARM.Collect$$libinit$$00000019)
    __rt_lib_init_return                     0x08000229   Thumb Code     0  libinit2.o(.ARM.Collect$$libinit$$00000033)
    __rt_lib_init_signal_1                   0x08000229   Thumb Code     0  libinit2.o(.ARM.Collect$$libinit$$0000001D)
    __rt_lib_init_stdio_1                    0x08000229   Thumb Code     0  libinit2.o(.ARM.Collect$$libinit$$00000025)
    __rt_lib_shutdown                        0x0800022b   Thumb Code     0  libshutdown.o(.ARM.Collect$$libshutdown$$00000000)
    __rt_lib_shutdown_cpp_1                  0x0800022d   Thumb Code     0  libshutdown2.o(.ARM.Collect$$libshutdown$$00000004)
    __rt_lib_shutdown_fini_1                 0x0800022d   Thumb Code     0  libshutdown2.o(.ARM.Collect$$libshutdown$$00000002)
    __rt_lib_shutdown_fp_trap_1              0x0800022d   Thumb Code     0  libshutdown2.o(.ARM.Collect$$libshutdown$$00000009)
    __rt_lib_shutdown_heap_1                 0x0800022d   Thumb Code     0  libshutdown2.o(.ARM.Collect$$libshutdown$$00000011)
    __rt_lib_shutdown_return                 0x0800022d   Thumb Code     0  libshutdown2.o(.ARM.Collect$$libshutdown$$00000012)
    __rt_lib_shutdown_signal_1               0x0800022d   Thumb Code     0  libshutdown2.o(.ARM.Collect$$libshutdown$$0000000C)
    __rt_lib_shutdown_stdio_1                0x0800022d   Thumb Code     0  libshutdown2.o(.ARM.Collect$$libshutdown$$00000006)
    __rt_lib_shutdown_user_alloc_1           0x0800022d   Thumb Code     0  libshutdown2.o(.ARM.Collect$$libshutdown$$0000000E)
    __rt_entry                               0x0800022f   Thumb Code     0  __rtentry.o(.ARM.Collect$$rtentry$$00000000)
    __rt_entry_presh_1                       0x0800022f   Thumb Code     0  __rtentry2.o(.ARM.Collect$$rtentry$$00000002)
    __rt_entry_sh                            0x0800022f   Thumb Code     0  __rtentry4.o(.ARM.Collect$$rtentry$$00000004)
    __rt_entry_li                            0x08000235   Thumb Code     0  __rtentry2.o(.ARM.Collect$$rtentry$$0000000A)
    __rt_entry_postsh_1                      0x08000235   Thumb Code     0  __rtentry2.o(.ARM.Collect$$rtentry$$00000009)
    __rt_entry_main                          0x08000239   Thumb Code     0  __rtentry2.o(.ARM.Collect$$rtentry$$0000000D)
    __rt_entry_postli_1                      0x08000239   Thumb Code     0  __rtentry2.o(.ARM.Collect$$rtentry$$0000000C)
    __rt_exit                                0x08000241   Thumb Code     0  rtexit.o(.ARM.Collect$$rtexit$$00000000)
    __rt_exit_ls                             0x08000243   Thumb Code     0  rtexit2.o(.ARM.Collect$$rtexit$$00000003)
    __rt_exit_prels_1                        0x08000243   Thumb Code     0  rtexit2.o(.ARM.Collect$$rtexit$$00000002)
    __rt_exit_exit                           0x08000247   Thumb Code     0  rtexit2.o(.ARM.Collect$$rtexit$$00000004)
    Reset_Handler                            0x0800024d   Thumb Code     8  startup_stm32f407xx.o(.text)
    ADC_IRQHandler                           0x08000267   Thumb Code     0  startup_stm32f407xx.o(.text)
    CAN1_RX0_IRQHandler                      0x08000267   Thumb Code     0  startup_stm32f407xx.o(.text)
    CAN1_RX1_IRQHandler                      0x08000267   Thumb Code     0  startup_stm32f407xx.o(.text)
    CAN1_SCE_IRQHandler                      0x08000267   Thumb Code     0  startup_stm32f407xx.o(.text)
    CAN1_TX_IRQHandler                       0x08000267   Thumb Code     0  startup_stm32f407xx.o(.text)
    CAN2_RX0_IRQHandler                      0x08000267   Thumb Code     0  startup_stm32f407xx.o(.text)
    CAN2_RX1_IRQHandler                      0x08000267   Thumb Code     0  startup_stm32f407xx.o(.text)
    CAN2_SCE_IRQHandler                      0x08000267   Thumb Code     0  startup_stm32f407xx.o(.text)
    CAN2_TX_IRQHandler                       0x08000267   Thumb Code     0  startup_stm32f407xx.o(.text)
    DCMI_IRQHandler                          0x08000267   Thumb Code     0  startup_stm32f407xx.o(.text)
    DMA1_Stream0_IRQHandler                  0x08000267   Thumb Code     0  startup_stm32f407xx.o(.text)
    DMA1_Stream1_IRQHandler                  0x08000267   Thumb Code     0  startup_stm32f407xx.o(.text)
    DMA1_Stream2_IRQHandler                  0x08000267   Thumb Code     0  startup_stm32f407xx.o(.text)
    DMA1_Stream3_IRQHandler                  0x08000267   Thumb Code     0  startup_stm32f407xx.o(.text)
    DMA1_Stream4_IRQHandler                  0x08000267   Thumb Code     0  startup_stm32f407xx.o(.text)
    DMA1_Stream5_IRQHandler                  0x08000267   Thumb Code     0  startup_stm32f407xx.o(.text)
    DMA1_Stream6_IRQHandler                  0x08000267   Thumb Code     0  startup_stm32f407xx.o(.text)
    DMA1_Stream7_IRQHandler                  0x08000267   Thumb Code     0  startup_stm32f407xx.o(.text)
    DMA2_Stream0_IRQHandler                  0x08000267   Thumb Code     0  startup_stm32f407xx.o(.text)
    DMA2_Stream1_IRQHandler                  0x08000267   Thumb Code     0  startup_stm32f407xx.o(.text)
    DMA2_Stream2_IRQHandler                  0x08000267   Thumb Code     0  startup_stm32f407xx.o(.text)
    DMA2_Stream3_IRQHandler                  0x08000267   Thumb Code     0  startup_stm32f407xx.o(.text)
    DMA2_Stream4_IRQHandler                  0x08000267   Thumb Code     0  startup_stm32f407xx.o(.text)
    DMA2_Stream5_IRQHandler                  0x08000267   Thumb Code     0  startup_stm32f407xx.o(.text)
    DMA2_Stream6_IRQHandler                  0x08000267   Thumb Code     0  startup_stm32f407xx.o(.text)
    DMA2_Stream7_IRQHandler                  0x08000267   Thumb Code     0  startup_stm32f407xx.o(.text)
    ETH_IRQHandler                           0x08000267   Thumb Code     0  startup_stm32f407xx.o(.text)
    ETH_WKUP_IRQHandler                      0x08000267   Thumb Code     0  startup_stm32f407xx.o(.text)
    EXTI0_IRQHandler                         0x08000267   Thumb Code     0  startup_stm32f407xx.o(.text)
    EXTI15_10_IRQHandler                     0x08000267   Thumb Code     0  startup_stm32f407xx.o(.text)
    EXTI1_IRQHandler                         0x08000267   Thumb Code     0  startup_stm32f407xx.o(.text)
    EXTI2_IRQHandler                         0x08000267   Thumb Code     0  startup_stm32f407xx.o(.text)
    EXTI3_IRQHandler                         0x08000267   Thumb Code     0  startup_stm32f407xx.o(.text)
    EXTI4_IRQHandler                         0x08000267   Thumb Code     0  startup_stm32f407xx.o(.text)
    EXTI9_5_IRQHandler                       0x08000267   Thumb Code     0  startup_stm32f407xx.o(.text)
    FLASH_IRQHandler                         0x08000267   Thumb Code     0  startup_stm32f407xx.o(.text)
    FMC_IRQHandler                           0x08000267   Thumb Code     0  startup_stm32f407xx.o(.text)
    FPU_IRQHandler                           0x08000267   Thumb Code     0  startup_stm32f407xx.o(.text)
    HASH_RNG_IRQHandler                      0x08000267   Thumb Code     0  startup_stm32f407xx.o(.text)
    I2C1_ER_IRQHandler                       0x08000267   Thumb Code     0  startup_stm32f407xx.o(.text)
    I2C1_EV_IRQHandler                       0x08000267   Thumb Code     0  startup_stm32f407xx.o(.text)
    I2C2_ER_IRQHandler                       0x08000267   Thumb Code     0  startup_stm32f407xx.o(.text)
    I2C2_EV_IRQHandler                       0x08000267   Thumb Code     0  startup_stm32f407xx.o(.text)
    I2C3_ER_IRQHandler                       0x08000267   Thumb Code     0  startup_stm32f407xx.o(.text)
    I2C3_EV_IRQHandler                       0x08000267   Thumb Code     0  startup_stm32f407xx.o(.text)
    OTG_FS_IRQHandler                        0x08000267   Thumb Code     0  startup_stm32f407xx.o(.text)
    OTG_FS_WKUP_IRQHandler                   0x08000267   Thumb Code     0  startup_stm32f407xx.o(.text)
    OTG_HS_EP1_IN_IRQHandler                 0x08000267   Thumb Code     0  startup_stm32f407xx.o(.text)
    OTG_HS_EP1_OUT_IRQHandler                0x08000267   Thumb Code     0  startup_stm32f407xx.o(.text)
    OTG_HS_IRQHandler                        0x08000267   Thumb Code     0  startup_stm32f407xx.o(.text)
    OTG_HS_WKUP_IRQHandler                   0x08000267   Thumb Code     0  startup_stm32f407xx.o(.text)
    PVD_IRQHandler                           0x08000267   Thumb Code     0  startup_stm32f407xx.o(.text)
    RCC_IRQHandler                           0x08000267   Thumb Code     0  startup_stm32f407xx.o(.text)
    RTC_Alarm_IRQHandler                     0x08000267   Thumb Code     0  startup_stm32f407xx.o(.text)
    RTC_WKUP_IRQHandler                      0x08000267   Thumb Code     0  startup_stm32f407xx.o(.text)
    SDIO_IRQHandler                          0x08000267   Thumb Code     0  startup_stm32f407xx.o(.text)
    SPI1_IRQHandler                          0x08000267   Thumb Code     0  startup_stm32f407xx.o(.text)
    SPI2_IRQHandler                          0x08000267   Thumb Code     0  startup_stm32f407xx.o(.text)
    SPI3_IRQHandler                          0x08000267   Thumb Code     0  startup_stm32f407xx.o(.text)
    TAMP_STAMP_IRQHandler                    0x08000267   Thumb Code     0  startup_stm32f407xx.o(.text)
    TIM1_BRK_TIM9_IRQHandler                 0x08000267   Thumb Code     0  startup_stm32f407xx.o(.text)
    TIM1_CC_IRQHandler                       0x08000267   Thumb Code     0  startup_stm32f407xx.o(.text)
    TIM1_TRG_COM_TIM11_IRQHandler            0x08000267   Thumb Code     0  startup_stm32f407xx.o(.text)
    TIM1_UP_TIM10_IRQHandler                 0x08000267   Thumb Code     0  startup_stm32f407xx.o(.text)
    TIM2_IRQHandler                          0x08000267   Thumb Code     0  startup_stm32f407xx.o(.text)
    TIM3_IRQHandler                          0x08000267   Thumb Code     0  startup_stm32f407xx.o(.text)
    TIM4_IRQHandler                          0x08000267   Thumb Code     0  startup_stm32f407xx.o(.text)
    TIM5_IRQHandler                          0x08000267   Thumb Code     0  startup_stm32f407xx.o(.text)
    TIM6_DAC_IRQHandler                      0x08000267   Thumb Code     0  startup_stm32f407xx.o(.text)
    TIM7_IRQHandler                          0x08000267   Thumb Code     0  startup_stm32f407xx.o(.text)
    TIM8_BRK_TIM12_IRQHandler                0x08000267   Thumb Code     0  startup_stm32f407xx.o(.text)
    TIM8_CC_IRQHandler                       0x08000267   Thumb Code     0  startup_stm32f407xx.o(.text)
    TIM8_TRG_COM_TIM14_IRQHandler            0x08000267   Thumb Code     0  startup_stm32f407xx.o(.text)
    TIM8_UP_TIM13_IRQHandler                 0x08000267   Thumb Code     0  startup_stm32f407xx.o(.text)
    UART4_IRQHandler                         0x08000267   Thumb Code     0  startup_stm32f407xx.o(.text)
    UART5_IRQHandler                         0x08000267   Thumb Code     0  startup_stm32f407xx.o(.text)
    USART1_IRQHandler                        0x08000267   Thumb Code     0  startup_stm32f407xx.o(.text)
    USART2_IRQHandler                        0x08000267   Thumb Code     0  startup_stm32f407xx.o(.text)
    USART3_IRQHandler                        0x08000267   Thumb Code     0  startup_stm32f407xx.o(.text)
    USART6_IRQHandler                        0x08000267   Thumb Code     0  startup_stm32f407xx.o(.text)
    WWDG_IRQHandler                          0x08000267   Thumb Code     0  startup_stm32f407xx.o(.text)
    __user_initial_stackheap                 0x08000269   Thumb Code     0  startup_stm32f407xx.o(.text)
    __aeabi_uldivmod                         0x0800028d   Thumb Code     0  lludivv7m.o(.text)
    _ll_udiv                                 0x0800028d   Thumb Code   238  lludivv7m.o(.text)
    __2sprintf                               0x0800037d   Thumb Code    38  __2sprintf.o(.text)
    _printf_str                              0x080003a9   Thumb Code    82  _printf_str.o(.text)
    _printf_int_dec                          0x080003fd   Thumb Code   104  _printf_dec.o(.text)
    __printf                                 0x08000475   Thumb Code   308  __printf_flags_wp.o(.text)
    strlen                                   0x080005ad   Thumb Code    62  strlen.o(.text)
    __aeabi_memclr4                          0x080005eb   Thumb Code     0  rt_memclr_w.o(.text)
    __aeabi_memclr8                          0x080005eb   Thumb Code     0  rt_memclr_w.o(.text)
    __rt_memclr_w                            0x080005eb   Thumb Code    78  rt_memclr_w.o(.text)
    _memset_w                                0x080005ef   Thumb Code     0  rt_memclr_w.o(.text)
    __use_two_region_memory                  0x08000639   Thumb Code     2  heapauxi.o(.text)
    __rt_heap_escrow$2region                 0x0800063b   Thumb Code     2  heapauxi.o(.text)
    __rt_heap_expand$2region                 0x0800063d   Thumb Code     2  heapauxi.o(.text)
    _printf_int_common                       0x0800063f   Thumb Code   178  _printf_intcommon.o(.text)
    __lib_sel_fp_printf                      0x080006f1   Thumb Code     2  _printf_fp_dec.o(.text)
    _printf_fp_dec_real                      0x080008a3   Thumb Code   620  _printf_fp_dec.o(.text)
    _printf_char_common                      0x08000b1b   Thumb Code    32  _printf_char_common.o(.text)
    _sputc                                   0x08000b41   Thumb Code    10  _sputc.o(.text)
    _printf_cs_common                        0x08000b4b   Thumb Code    20  _printf_char.o(.text)
    _printf_char                             0x08000b5f   Thumb Code    16  _printf_char.o(.text)
    _printf_string                           0x08000b6f   Thumb Code     8  _printf_char.o(.text)
    __rt_locale                              0x08000b79   Thumb Code     8  rt_locale_intlibspace.o(.text)
    _ll_udiv10                               0x08000b81   Thumb Code   138  lludiv10.o(.text)
    _printf_fp_infnan                        0x08000c0d   Thumb Code   112  _printf_fp_infnan.o(.text)
    _btod_etento                             0x08000c8d   Thumb Code   224  bigflt0.o(.text)
    __user_libspace                          0x08000d71   Thumb Code     8  libspace.o(.text)
    __user_perproc_libspace                  0x08000d71   Thumb Code     0  libspace.o(.text)
    __user_perthread_libspace                0x08000d71   Thumb Code     0  libspace.o(.text)
    __user_setup_stackheap                   0x08000d79   Thumb Code    74  sys_stackheap_outer.o(.text)
    exit                                     0x08000dc3   Thumb Code    18  exit.o(.text)
    strcmp                                   0x08000dd5   Thumb Code   128  strcmpv7m.o(.text)
    _sys_exit                                0x08000e55   Thumb Code     8  sys_exit.o(.text)
    __I$use$semihosting                      0x08000e61   Thumb Code     0  use_no_semi.o(.text)
    __use_no_semihosting_swi                 0x08000e61   Thumb Code     2  use_no_semi.o(.text)
    __semihosting_library_function           0x08000e63   Thumb Code     0  indicate_semi.o(.text)
    _btod_d2e                                0x08000e63   Thumb Code    62  btod.o(CL$$btod_d2e)
    _d2e_denorm_low                          0x08000ea1   Thumb Code    70  btod.o(CL$$btod_d2e_denorm_low)
    _d2e_norm_op1                            0x08000ee7   Thumb Code    96  btod.o(CL$$btod_d2e_norm_op1)
    __btod_div_common                        0x08000f47   Thumb Code   696  btod.o(CL$$btod_div_common)
    _e2e                                     0x0800127f   Thumb Code   220  btod.o(CL$$btod_e2e)
    _btod_ediv                               0x0800135b   Thumb Code    42  btod.o(CL$$btod_ediv)
    _btod_emul                               0x08001385   Thumb Code    42  btod.o(CL$$btod_emul)
    __btod_mult_common                       0x080013af   Thumb Code   580  btod.o(CL$$btod_mult_common)
    BusFault_Handler                         0x080015f3   Thumb Code     2  stm32f4xx_it.o(i.BusFault_Handler)
    DHT22_GetTemp_Humidity                   0x080015f5   Thumb Code   134  my_dht22.o(i.DHT22_GetTemp_Humidity)
    DHT22_Init                               0x0800167d   Thumb Code    34  my_dht22.o(i.DHT22_Init)
    DebugMon_Handler                         0x08001739   Thumb Code     2  stm32f4xx_it.o(i.DebugMon_Handler)
    HAL_DAC_ConfigChannel                    0x08001759   Thumb Code    70  stm32f4xx_hal_dac.o(i.HAL_DAC_ConfigChannel)
    HAL_DAC_Init                             0x0800179f   Thumb Code    40  stm32f4xx_hal_dac.o(i.HAL_DAC_Init)
    HAL_DAC_MspInit                          0x080017c9   Thumb Code    84  stm32f4xx_hal_msp.o(i.HAL_DAC_MspInit)
    HAL_DAC_SetValue                         0x08001829   Thumb Code    26  stm32f4xx_hal_dac.o(i.HAL_DAC_SetValue)
    HAL_DAC_Start                            0x08001843   Thumb Code    92  stm32f4xx_hal_dac.o(i.HAL_DAC_Start)
    HAL_Delay                                0x080018a1   Thumb Code    32  stm32f4xx_hal.o(i.HAL_Delay)
    HAL_GPIO_Init                            0x080018c5   Thumb Code   450  stm32f4xx_hal_gpio.o(i.HAL_GPIO_Init)
    HAL_GPIO_ReadPin                         0x08001ab5   Thumb Code    10  stm32f4xx_hal_gpio.o(i.HAL_GPIO_ReadPin)
    HAL_GPIO_WritePin                        0x08001abf   Thumb Code    10  stm32f4xx_hal_gpio.o(i.HAL_GPIO_WritePin)
    HAL_GetTick                              0x08001ac9   Thumb Code     6  stm32f4xx_hal.o(i.HAL_GetTick)
    HAL_IncTick                              0x08001ad5   Thumb Code    12  stm32f4xx_hal.o(i.HAL_IncTick)
    HAL_Init                                 0x08001ae5   Thumb Code    48  stm32f4xx_hal.o(i.HAL_Init)
    HAL_InitTick                             0x08001b19   Thumb Code    54  stm32f4xx_hal.o(i.HAL_InitTick)
    HAL_MspInit                              0x08001b59   Thumb Code    42  stm32f4xx_hal_msp.o(i.HAL_MspInit)
    HAL_NVIC_SetPriority                     0x08001b89   Thumb Code    60  stm32f4xx_hal_cortex.o(i.HAL_NVIC_SetPriority)
    HAL_NVIC_SetPriorityGrouping             0x08001bc9   Thumb Code    26  stm32f4xx_hal_cortex.o(i.HAL_NVIC_SetPriorityGrouping)
    HAL_RCC_ClockConfig                      0x08001bed   Thumb Code   288  stm32f4xx_hal_rcc.o(i.HAL_RCC_ClockConfig)
    HAL_RCC_GetPCLK1Freq                     0x08001d21   Thumb Code    20  stm32f4xx_hal_rcc.o(i.HAL_RCC_GetPCLK1Freq)
    HAL_RCC_GetPCLK2Freq                     0x08001d41   Thumb Code    20  stm32f4xx_hal_rcc.o(i.HAL_RCC_GetPCLK2Freq)
    HAL_RCC_GetSysClockFreq                  0x08001d61   Thumb Code    88  stm32f4xx_hal_rcc.o(i.HAL_RCC_GetSysClockFreq)
    HAL_RCC_OscConfig                        0x08001dc5   Thumb Code   856  stm32f4xx_hal_rcc.o(i.HAL_RCC_OscConfig)
    HAL_SYSTICK_Config                       0x08002131   Thumb Code    40  stm32f4xx_hal_cortex.o(i.HAL_SYSTICK_Config)
    HAL_UART_Init                            0x08002159   Thumb Code    98  stm32f4xx_hal_uart.o(i.HAL_UART_Init)
    HAL_UART_MspInit                         0x080021bd   Thumb Code    94  stm32f4xx_hal_msp.o(i.HAL_UART_MspInit)
    HAL_UART_Transmit                        0x08002229   Thumb Code   178  stm32f4xx_hal_uart.o(i.HAL_UART_Transmit)
    HardFault_Handler                        0x080022db   Thumb Code     2  stm32f4xx_it.o(i.HardFault_Handler)
    MemManage_Handler                        0x08002361   Thumb Code     2  stm32f4xx_it.o(i.MemManage_Handler)
    NMI_Handler                              0x08002363   Thumb Code     2  stm32f4xx_it.o(i.NMI_Handler)
    PendSV_Handler                           0x080023c1   Thumb Code     2  stm32f4xx_it.o(i.PendSV_Handler)
    SVC_Handler                              0x080023c3   Thumb Code     2  stm32f4xx_it.o(i.SVC_Handler)
    SysTick_Handler                          0x080023c5   Thumb Code     4  stm32f4xx_it.o(i.SysTick_Handler)
    SystemClock_Config                       0x080023c9   Thumb Code   116  main.o(i.SystemClock_Config)
    SystemInit                               0x08002445   Thumb Code    12  system_stm32f4xx.o(i.SystemInit)
    UsageFault_Handler                       0x080025d9   Thumb Code     2  stm32f4xx_it.o(i.UsageFault_Handler)
    __ARM_fpclassify                         0x080025db   Thumb Code    48  fpclassify.o(i.__ARM_fpclassify)
    _is_digit                                0x0800262b   Thumb Code    14  __printf_wp.o(i._is_digit)
    lcd_clear                                0x08002639   Thumb Code    20  lcd_character.o(i.lcd_clear)
    lcd_cmd                                  0x0800264d   Thumb Code    28  lcd_character.o(i.lcd_cmd)
    lcd_data                                 0x08002669   Thumb Code    28  lcd_character.o(i.lcd_data)
    lcd_en_clk                               0x08002685   Thumb Code    34  lcd_character.o(i.lcd_en_clk)
    lcd_gotoxy                               0x080026ad   Thumb Code    56  lcd_character.o(i.lcd_gotoxy)
    lcd_ins                                  0x080026e9   Thumb Code    38  lcd_character.o(i.lcd_ins)
    lcd_ins2                                 0x08002715   Thumb Code    38  lcd_character.o(i.lcd_ins2)
    lcd_puts                                 0x08002741   Thumb Code    20  lcd_character.o(i.lcd_puts)
    main                                     0x08002755   Thumb Code   502  main.o(i.main)
    wait_lcd                                 0x08002a21   Thumb Code    14  lcd_character.o(i.wait_lcd)
    _get_lc_numeric                          0x08002a31   Thumb Code    44  lc_numeric_c.o(locale$$code)
    __fpl_dretinf                            0x08002a5d   Thumb Code    12  dretinf.o(x$fpl$dretinf)
    __aeabi_f2d                              0x08002a69   Thumb Code     0  f2d.o(x$fpl$f2d)
    _f2d                                     0x08002a69   Thumb Code    86  f2d.o(x$fpl$f2d)
    __fpl_fnaninf                            0x08002abf   Thumb Code   140  fnaninf.o(x$fpl$fnaninf)
    _fp_init                                 0x08002b4b   Thumb Code    10  fpinit.o(x$fpl$fpinit)
    __fplib_config_fpu_vfp                   0x08002b53   Thumb Code     0  fpinit.o(x$fpl$fpinit)
    __fplib_config_pureend_doubles           0x08002b53   Thumb Code     0  fpinit.o(x$fpl$fpinit)
    _printf_fp_dec                           0x08002b55   Thumb Code     4  printf1.o(x$fpl$printf1)
    AHBPrescTable                            0x08002b58   Data          16  system_stm32f4xx.o(.constdata)
    __I$use$fp                               0x08002b58   Number         0  usenofp.o(x$fpl$usenofp)
    APBPrescTable                            0x08002b68   Data           8  system_stm32f4xx.o(.constdata)
    Region$$Table$$Base                      0x08002c18   Number         0  anon$$obj.o(Region$$Table)
    Region$$Table$$Limit                     0x08002c38   Number         0  anon$$obj.o(Region$$Table)
    status                                   0x20000008   Data           4  main.o(.data)
    TempC                                    0x2000000c   Data           4  main.o(.data)
    Humidity                                 0x20000010   Data           4  main.o(.data)
    uwTickFreq                               0x20000014   Data           1  stm32f4xx_hal.o(.data)
    uwTickPrio                               0x20000018   Data           4  stm32f4xx_hal.o(.data)
    uwTick                                   0x2000001c   Data           4  stm32f4xx_hal.o(.data)
    SystemCoreClock                          0x20000020   Data           4  system_stm32f4xx.o(.data)
    hdac                                     0x20000024   Data          20  main.o(.bss)
    huart3                                   0x20000038   Data          68  main.o(.bss)
    buffer                                   0x2000007c   Data         200  main.o(.bss)
    uartData                                 0x20000144   Data          50  main.o(.bss)
    statusBaju                               0x20000176   Data          50  main.o(.bss)
    __libspace_start                         0x200001a8   Data          96  libspace.o(.bss)
    __temporary_stack_top$libspace           0x20000208   Data           0  libspace.o(.bss)



==============================================================================

Memory Map of the image

  Image Entry point : 0x08000189

  Load Region LR_IROM1 (Base: 0x08000000, Size: 0x00002c78, Max: 0x00100000, ABSOLUTE)

    Execution Region ER_IROM1 (Exec base: 0x08000000, Load base: 0x08000000, Size: 0x00002c54, Max: 0x00100000, ABSOLUTE)

    Exec Addr    Load Addr    Size         Type   Attr      Idx    E Section Name        Object

    0x08000000   0x08000000   0x00000188   Data   RO            3    RESET               startup_stm32f407xx.o
    0x08000188   0x08000188   0x00000008   Code   RO         2374  * !!!main             c_w.l(__main.o)
    0x08000190   0x08000190   0x00000034   Code   RO         2608    !!!scatter          c_w.l(__scatter.o)
    0x080001c4   0x080001c4   0x0000001a   Code   RO         2610    !!handler_copy      c_w.l(__scatter_copy.o)
    0x080001de   0x080001de   0x00000002   PAD
    0x080001e0   0x080001e0   0x0000001c   Code   RO         2612    !!handler_zi        c_w.l(__scatter_zi.o)
    0x080001fc   0x080001fc   0x00000000   Code   RO         2367    .ARM.Collect$$_printf_percent$$00000000  c_w.l(_printf_percent.o)
    0x080001fc   0x080001fc   0x00000006   Code   RO         2366    .ARM.Collect$$_printf_percent$$00000003  c_w.l(_printf_f.o)
    0x08000202   0x08000202   0x00000006   Code   RO         2365    .ARM.Collect$$_printf_percent$$00000009  c_w.l(_printf_d.o)
    0x08000208   0x08000208   0x00000006   Code   RO         2364    .ARM.Collect$$_printf_percent$$00000014  c_w.l(_printf_s.o)
    0x0800020e   0x0800020e   0x00000004   Code   RO         2395    .ARM.Collect$$_printf_percent$$00000017  c_w.l(_printf_percent_end.o)
    0x08000212   0x08000212   0x00000002   Code   RO         2479    .ARM.Collect$$libinit$$00000000  c_w.l(libinit.o)
    0x08000214   0x08000214   0x00000004   Code   RO         2480    .ARM.Collect$$libinit$$00000001  c_w.l(libinit2.o)
    0x08000218   0x08000218   0x00000000   Code   RO         2483    .ARM.Collect$$libinit$$00000004  c_w.l(libinit2.o)
    0x08000218   0x08000218   0x00000000   Code   RO         2486    .ARM.Collect$$libinit$$0000000A  c_w.l(libinit2.o)
    0x08000218   0x08000218   0x00000000   Code   RO         2488    .ARM.Collect$$libinit$$0000000C  c_w.l(libinit2.o)
    0x08000218   0x08000218   0x00000000   Code   RO         2490    .ARM.Collect$$libinit$$0000000E  c_w.l(libinit2.o)
    0x08000218   0x08000218   0x00000006   Code   RO         2491    .ARM.Collect$$libinit$$0000000F  c_w.l(libinit2.o)
    0x0800021e   0x0800021e   0x00000000   Code   RO         2493    .ARM.Collect$$libinit$$00000011  c_w.l(libinit2.o)
    0x0800021e   0x0800021e   0x00000000   Code   RO         2495    .ARM.Collect$$libinit$$00000013  c_w.l(libinit2.o)
    0x0800021e   0x0800021e   0x00000000   Code   RO         2497    .ARM.Collect$$libinit$$00000015  c_w.l(libinit2.o)
    0x0800021e   0x0800021e   0x0000000a   Code   RO         2498    .ARM.Collect$$libinit$$00000016  c_w.l(libinit2.o)
    0x08000228   0x08000228   0x00000000   Code   RO         2499    .ARM.Collect$$libinit$$00000017  c_w.l(libinit2.o)
    0x08000228   0x08000228   0x00000000   Code   RO         2501    .ARM.Collect$$libinit$$00000019  c_w.l(libinit2.o)
    0x08000228   0x08000228   0x00000000   Code   RO         2503    .ARM.Collect$$libinit$$0000001B  c_w.l(libinit2.o)
    0x08000228   0x08000228   0x00000000   Code   RO         2505    .ARM.Collect$$libinit$$0000001D  c_w.l(libinit2.o)
    0x08000228   0x08000228   0x00000000   Code   RO         2507    .ARM.Collect$$libinit$$0000001F  c_w.l(libinit2.o)
    0x08000228   0x08000228   0x00000000   Code   RO         2509    .ARM.Collect$$libinit$$00000021  c_w.l(libinit2.o)
    0x08000228   0x08000228   0x00000000   Code   RO         2511    .ARM.Collect$$libinit$$00000023  c_w.l(libinit2.o)
    0x08000228   0x08000228   0x00000000   Code   RO         2513    .ARM.Collect$$libinit$$00000025  c_w.l(libinit2.o)
    0x08000228   0x08000228   0x00000000   Code   RO         2517    .ARM.Collect$$libinit$$0000002C  c_w.l(libinit2.o)
    0x08000228   0x08000228   0x00000000   Code   RO         2519    .ARM.Collect$$libinit$$0000002E  c_w.l(libinit2.o)
    0x08000228   0x08000228   0x00000000   Code   RO         2521    .ARM.Collect$$libinit$$00000030  c_w.l(libinit2.o)
    0x08000228   0x08000228   0x00000000   Code   RO         2523    .ARM.Collect$$libinit$$00000032  c_w.l(libinit2.o)
    0x08000228   0x08000228   0x00000002   Code   RO         2524    .ARM.Collect$$libinit$$00000033  c_w.l(libinit2.o)
    0x0800022a   0x0800022a   0x00000002   Code   RO         2571    .ARM.Collect$$libshutdown$$00000000  c_w.l(libshutdown.o)
    0x0800022c   0x0800022c   0x00000000   Code   RO         2589    .ARM.Collect$$libshutdown$$00000002  c_w.l(libshutdown2.o)
    0x0800022c   0x0800022c   0x00000000   Code   RO         2591    .ARM.Collect$$libshutdown$$00000004  c_w.l(libshutdown2.o)
    0x0800022c   0x0800022c   0x00000000   Code   RO         2593    .ARM.Collect$$libshutdown$$00000006  c_w.l(libshutdown2.o)
    0x0800022c   0x0800022c   0x00000000   Code   RO         2596    .ARM.Collect$$libshutdown$$00000009  c_w.l(libshutdown2.o)
    0x0800022c   0x0800022c   0x00000000   Code   RO         2599    .ARM.Collect$$libshutdown$$0000000C  c_w.l(libshutdown2.o)
    0x0800022c   0x0800022c   0x00000000   Code   RO         2601    .ARM.Collect$$libshutdown$$0000000E  c_w.l(libshutdown2.o)
    0x0800022c   0x0800022c   0x00000000   Code   RO         2604    .ARM.Collect$$libshutdown$$00000011  c_w.l(libshutdown2.o)
    0x0800022c   0x0800022c   0x00000002   Code   RO         2605    .ARM.Collect$$libshutdown$$00000012  c_w.l(libshutdown2.o)
    0x0800022e   0x0800022e   0x00000000   Code   RO         2380    .ARM.Collect$$rtentry$$00000000  c_w.l(__rtentry.o)
    0x0800022e   0x0800022e   0x00000000   Code   RO         2402    .ARM.Collect$$rtentry$$00000002  c_w.l(__rtentry2.o)
    0x0800022e   0x0800022e   0x00000006   Code   RO         2414    .ARM.Collect$$rtentry$$00000004  c_w.l(__rtentry4.o)
    0x08000234   0x08000234   0x00000000   Code   RO         2404    .ARM.Collect$$rtentry$$00000009  c_w.l(__rtentry2.o)
    0x08000234   0x08000234   0x00000004   Code   RO         2405    .ARM.Collect$$rtentry$$0000000A  c_w.l(__rtentry2.o)
    0x08000238   0x08000238   0x00000000   Code   RO         2407    .ARM.Collect$$rtentry$$0000000C  c_w.l(__rtentry2.o)
    0x08000238   0x08000238   0x00000008   Code   RO         2408    .ARM.Collect$$rtentry$$0000000D  c_w.l(__rtentry2.o)
    0x08000240   0x08000240   0x00000002   Code   RO         2525    .ARM.Collect$$rtexit$$00000000  c_w.l(rtexit.o)
    0x08000242   0x08000242   0x00000000   Code   RO         2540    .ARM.Collect$$rtexit$$00000002  c_w.l(rtexit2.o)
    0x08000242   0x08000242   0x00000004   Code   RO         2541    .ARM.Collect$$rtexit$$00000003  c_w.l(rtexit2.o)
    0x08000246   0x08000246   0x00000006   Code   RO         2542    .ARM.Collect$$rtexit$$00000004  c_w.l(rtexit2.o)
    0x0800024c   0x0800024c   0x00000040   Code   RO            4    .text               startup_stm32f407xx.o
    0x0800028c   0x0800028c   0x000000ee   Code   RO         2330    .text               c_w.l(lludivv7m.o)
    0x0800037a   0x0800037a   0x00000002   PAD
    0x0800037c   0x0800037c   0x0000002c   Code   RO         2332    .text               c_w.l(__2sprintf.o)
    0x080003a8   0x080003a8   0x00000052   Code   RO         2340    .text               c_w.l(_printf_str.o)
    0x080003fa   0x080003fa   0x00000002   PAD
    0x080003fc   0x080003fc   0x00000078   Code   RO         2342    .text               c_w.l(_printf_dec.o)
    0x08000474   0x08000474   0x00000138   Code   RO         2356    .text               c_w.l(__printf_flags_wp.o)
    0x080005ac   0x080005ac   0x0000003e   Code   RO         2368    .text               c_w.l(strlen.o)
    0x080005ea   0x080005ea   0x0000004e   Code   RO         2370    .text               c_w.l(rt_memclr_w.o)
    0x08000638   0x08000638   0x00000006   Code   RO         2372    .text               c_w.l(heapauxi.o)
    0x0800063e   0x0800063e   0x000000b2   Code   RO         2385    .text               c_w.l(_printf_intcommon.o)
    0x080006f0   0x080006f0   0x0000041e   Code   RO         2387    .text               c_w.l(_printf_fp_dec.o)
    0x08000b0e   0x08000b0e   0x00000002   PAD
    0x08000b10   0x08000b10   0x00000030   Code   RO         2389    .text               c_w.l(_printf_char_common.o)
    0x08000b40   0x08000b40   0x0000000a   Code   RO         2391    .text               c_w.l(_sputc.o)
    0x08000b4a   0x08000b4a   0x0000002c   Code   RO         2393    .text               c_w.l(_printf_char.o)
    0x08000b76   0x08000b76   0x00000002   PAD
    0x08000b78   0x08000b78   0x00000008   Code   RO         2421    .text               c_w.l(rt_locale_intlibspace.o)
    0x08000b80   0x08000b80   0x0000008a   Code   RO         2423    .text               c_w.l(lludiv10.o)
    0x08000c0a   0x08000c0a   0x00000002   PAD
    0x08000c0c   0x08000c0c   0x00000080   Code   RO         2425    .text               c_w.l(_printf_fp_infnan.o)
    0x08000c8c   0x08000c8c   0x000000e4   Code   RO         2429    .text               c_w.l(bigflt0.o)
    0x08000d70   0x08000d70   0x00000008   Code   RO         2461    .text               c_w.l(libspace.o)
    0x08000d78   0x08000d78   0x0000004a   Code   RO         2464    .text               c_w.l(sys_stackheap_outer.o)
    0x08000dc2   0x08000dc2   0x00000012   Code   RO         2466    .text               c_w.l(exit.o)
    0x08000dd4   0x08000dd4   0x00000080   Code   RO         2472    .text               c_w.l(strcmpv7m.o)
    0x08000e54   0x08000e54   0x0000000c   Code   RO         2537    .text               c_w.l(sys_exit.o)
    0x08000e60   0x08000e60   0x00000002   Code   RO         2558    .text               c_w.l(use_no_semi.o)
    0x08000e62   0x08000e62   0x00000000   Code   RO         2560    .text               c_w.l(indicate_semi.o)
    0x08000e62   0x08000e62   0x0000003e   Code   RO         2432    CL$$btod_d2e        c_w.l(btod.o)
    0x08000ea0   0x08000ea0   0x00000046   Code   RO         2434    CL$$btod_d2e_denorm_low  c_w.l(btod.o)
    0x08000ee6   0x08000ee6   0x00000060   Code   RO         2433    CL$$btod_d2e_norm_op1  c_w.l(btod.o)
    0x08000f46   0x08000f46   0x00000338   Code   RO         2442    CL$$btod_div_common  c_w.l(btod.o)
    0x0800127e   0x0800127e   0x000000dc   Code   RO         2439    CL$$btod_e2e        c_w.l(btod.o)
    0x0800135a   0x0800135a   0x0000002a   Code   RO         2436    CL$$btod_ediv       c_w.l(btod.o)
    0x08001384   0x08001384   0x0000002a   Code   RO         2435    CL$$btod_emul       c_w.l(btod.o)
    0x080013ae   0x080013ae   0x00000244   Code   RO         2441    CL$$btod_mult_common  c_w.l(btod.o)
    0x080015f2   0x080015f2   0x00000002   Code   RO          405    i.BusFault_Handler  stm32f4xx_it.o
    0x080015f4   0x080015f4   0x00000086   Code   RO          281    i.DHT22_GetTemp_Humidity  my_dht22.o
    0x0800167a   0x0800167a   0x00000002   PAD
    0x0800167c   0x0800167c   0x00000028   Code   RO          282    i.DHT22_Init        my_dht22.o
    0x080016a4   0x080016a4   0x00000094   Code   RO          283    i.DHT22_ReadRaw     my_dht22.o
    0x08001738   0x08001738   0x00000002   Code   RO          406    i.DebugMon_Handler  stm32f4xx_it.o
    0x0800173a   0x0800173a   0x00000002   PAD
    0x0800173c   0x0800173c   0x0000001c   Code   RO          284    i.DelayMicroSeconds  my_dht22.o
    0x08001758   0x08001758   0x00000046   Code   RO          531    i.HAL_DAC_ConfigChannel  stm32f4xx_hal_dac.o
    0x0800179e   0x0800179e   0x00000028   Code   RO          541    i.HAL_DAC_Init      stm32f4xx_hal_dac.o
    0x080017c6   0x080017c6   0x00000002   PAD
    0x080017c8   0x080017c8   0x00000060   Code   RO          481    i.HAL_DAC_MspInit   stm32f4xx_hal_msp.o
    0x08001828   0x08001828   0x0000001a   Code   RO          544    i.HAL_DAC_SetValue  stm32f4xx_hal_dac.o
    0x08001842   0x08001842   0x0000005c   Code   RO          545    i.HAL_DAC_Start     stm32f4xx_hal_dac.o
    0x0800189e   0x0800189e   0x00000002   PAD
    0x080018a0   0x080018a0   0x00000024   Code   RO         1649    i.HAL_Delay         stm32f4xx_hal.o
    0x080018c4   0x080018c4   0x000001f0   Code   RO         1123    i.HAL_GPIO_Init     stm32f4xx_hal_gpio.o
    0x08001ab4   0x08001ab4   0x0000000a   Code   RO         1125    i.HAL_GPIO_ReadPin  stm32f4xx_hal_gpio.o
    0x08001abe   0x08001abe   0x0000000a   Code   RO         1127    i.HAL_GPIO_WritePin  stm32f4xx_hal_gpio.o
    0x08001ac8   0x08001ac8   0x0000000c   Code   RO         1655    i.HAL_GetTick       stm32f4xx_hal.o
    0x08001ad4   0x08001ad4   0x00000010   Code   RO         1661    i.HAL_IncTick       stm32f4xx_hal.o
    0x08001ae4   0x08001ae4   0x00000034   Code   RO         1662    i.HAL_Init          stm32f4xx_hal.o
    0x08001b18   0x08001b18   0x00000040   Code   RO         1663    i.HAL_InitTick      stm32f4xx_hal.o
    0x08001b58   0x08001b58   0x00000030   Code   RO          482    i.HAL_MspInit       stm32f4xx_hal_msp.o
    0x08001b88   0x08001b88   0x00000040   Code   RO         1518    i.HAL_NVIC_SetPriority  stm32f4xx_hal_cortex.o
    0x08001bc8   0x08001bc8   0x00000024   Code   RO         1519    i.HAL_NVIC_SetPriorityGrouping  stm32f4xx_hal_cortex.o
    0x08001bec   0x08001bec   0x00000134   Code   RO          769    i.HAL_RCC_ClockConfig  stm32f4xx_hal_rcc.o
    0x08001d20   0x08001d20   0x00000020   Code   RO          776    i.HAL_RCC_GetPCLK1Freq  stm32f4xx_hal_rcc.o
    0x08001d40   0x08001d40   0x00000020   Code   RO          777    i.HAL_RCC_GetPCLK2Freq  stm32f4xx_hal_rcc.o
    0x08001d60   0x08001d60   0x00000064   Code   RO          778    i.HAL_RCC_GetSysClockFreq  stm32f4xx_hal_rcc.o
    0x08001dc4   0x08001dc4   0x0000036c   Code   RO          781    i.HAL_RCC_OscConfig  stm32f4xx_hal_rcc.o
    0x08002130   0x08002130   0x00000028   Code   RO         1523    i.HAL_SYSTICK_Config  stm32f4xx_hal_cortex.o
    0x08002158   0x08002158   0x00000062   Code   RO         1965    i.HAL_UART_Init     stm32f4xx_hal_uart.o
    0x080021ba   0x080021ba   0x00000002   PAD
    0x080021bc   0x080021bc   0x0000006c   Code   RO          484    i.HAL_UART_MspInit  stm32f4xx_hal_msp.o
    0x08002228   0x08002228   0x000000b2   Code   RO         1973    i.HAL_UART_Transmit  stm32f4xx_hal_uart.o
    0x080022da   0x080022da   0x00000002   Code   RO          407    i.HardFault_Handler  stm32f4xx_it.o
    0x080022dc   0x080022dc   0x00000084   Code   RO          352    i.MX_GPIO_Init      main.o
    0x08002360   0x08002360   0x00000002   Code   RO          408    i.MemManage_Handler  stm32f4xx_it.o
    0x08002362   0x08002362   0x00000002   Code   RO          409    i.NMI_Handler       stm32f4xx_it.o
    0x08002364   0x08002364   0x00000030   Code   RO          285    i.ONE_WIRE_PinMode  my_dht22.o
    0x08002394   0x08002394   0x00000018   Code   RO          286    i.ONE_WIRE_Pin_Read  my_dht22.o
    0x080023ac   0x080023ac   0x00000014   Code   RO          287    i.ONE_WIRE_Pin_Write  my_dht22.o
    0x080023c0   0x080023c0   0x00000002   Code   RO          410    i.PendSV_Handler    stm32f4xx_it.o
    0x080023c2   0x080023c2   0x00000002   Code   RO          411    i.SVC_Handler       stm32f4xx_it.o
    0x080023c4   0x080023c4   0x00000004   Code   RO          412    i.SysTick_Handler   stm32f4xx_it.o
    0x080023c8   0x080023c8   0x0000007c   Code   RO          353    i.SystemClock_Config  main.o
    0x08002444   0x08002444   0x00000010   Code   RO         2294    i.SystemInit        system_stm32f4xx.o
    0x08002454   0x08002454   0x0000010c   Code   RO         1991    i.UART_SetConfig    stm32f4xx_hal_uart.o
    0x08002560   0x08002560   0x00000078   Code   RO         1994    i.UART_WaitOnFlagUntilTimeout  stm32f4xx_hal_uart.o
    0x080025d8   0x080025d8   0x00000002   Code   RO          413    i.UsageFault_Handler  stm32f4xx_it.o
    0x080025da   0x080025da   0x00000030   Code   RO         2459    i.__ARM_fpclassify  m_wm.l(fpclassify.o)
    0x0800260a   0x0800260a   0x00000020   Code   RO         1525    i.__NVIC_SetPriority  stm32f4xx_hal_cortex.o
    0x0800262a   0x0800262a   0x0000000e   Code   RO         2354    i._is_digit         c_w.l(__printf_wp.o)
    0x08002638   0x08002638   0x00000014   Code   RO           17    i.lcd_clear         lcd_character.o
    0x0800264c   0x0800264c   0x0000001c   Code   RO           18    i.lcd_cmd           lcd_character.o
    0x08002668   0x08002668   0x0000001c   Code   RO           19    i.lcd_data          lcd_character.o
    0x08002684   0x08002684   0x00000028   Code   RO           20    i.lcd_en_clk        lcd_character.o
    0x080026ac   0x080026ac   0x0000003c   Code   RO           22    i.lcd_gotoxy        lcd_character.o
    0x080026e8   0x080026e8   0x0000002c   Code   RO           28    i.lcd_ins           lcd_character.o
    0x08002714   0x08002714   0x0000002c   Code   RO           29    i.lcd_ins2          lcd_character.o
    0x08002740   0x08002740   0x00000014   Code   RO           32    i.lcd_puts          lcd_character.o
    0x08002754   0x08002754   0x000002cc   Code   RO          354    i.main              main.o
    0x08002a20   0x08002a20   0x0000000e   Code   RO           38    i.wait_lcd          lcd_character.o
    0x08002a2e   0x08002a2e   0x00000002   PAD
    0x08002a30   0x08002a30   0x0000002c   Code   RO         2455    locale$$code        c_w.l(lc_numeric_c.o)
    0x08002a5c   0x08002a5c   0x0000000c   Code   RO         2396    x$fpl$dretinf       fz_wm.l(dretinf.o)
    0x08002a68   0x08002a68   0x00000056   Code   RO         2376    x$fpl$f2d           fz_wm.l(f2d.o)
    0x08002abe   0x08002abe   0x0000008c   Code   RO         2398    x$fpl$fnaninf       fz_wm.l(fnaninf.o)
    0x08002b4a   0x08002b4a   0x0000000a   Code   RO         2535    x$fpl$fpinit        fz_wm.l(fpinit.o)
    0x08002b54   0x08002b54   0x00000004   Code   RO         2378    x$fpl$printf1       fz_wm.l(printf1.o)
    0x08002b58   0x08002b58   0x00000000   Code   RO         2400    x$fpl$usenofp       fz_wm.l(usenofp.o)
    0x08002b58   0x08002b58   0x00000010   Data   RO         2295    .constdata          system_stm32f4xx.o
    0x08002b68   0x08002b68   0x00000008   Data   RO         2296    .constdata          system_stm32f4xx.o
    0x08002b70   0x08002b70   0x00000011   Data   RO         2357    .constdata          c_w.l(__printf_flags_wp.o)
    0x08002b81   0x08002b81   0x00000003   PAD
    0x08002b84   0x08002b84   0x00000094   Data   RO         2430    .constdata          c_w.l(bigflt0.o)
    0x08002c18   0x08002c18   0x00000020   Data   RO         2606    Region$$Table       anon$$obj.o
    0x08002c38   0x08002c38   0x0000001c   Data   RO         2454    locale$$data        c_w.l(lc_numeric_c.o)


    Execution Region RW_IRAM1 (Exec base: 0x20000000, Load base: 0x08002c54, Size: 0x00000808, Max: 0x0001c000, ABSOLUTE)

    Exec Addr    Load Addr    Size         Type   Attr      Idx    E Section Name        Object

    0x20000000   0x08002c54   0x00000008   Data   RW          288    .data               my_dht22.o
    0x20000008   0x08002c5c   0x0000000c   Data   RW          356    .data               main.o
    0x20000014   0x08002c68   0x0000000c   Data   RW         1669    .data               stm32f4xx_hal.o
    0x20000020   0x08002c74   0x00000004   Data   RW         2297    .data               system_stm32f4xx.o
    0x20000024        -       0x00000184   Zero   RW          355    .bss                main.o
    0x200001a8        -       0x00000060   Zero   RW         2462    .bss                c_w.l(libspace.o)
    0x20000208        -       0x00000200   Zero   RW            2    HEAP                startup_stm32f407xx.o
    0x20000408        -       0x00000400   Zero   RW            1    STACK               startup_stm32f407xx.o


    Execution Region RW_IRAM2 (Exec base: 0x2001c000, Load base: 0x08002c78, Size: 0x00000000, Max: 0x00004000, ABSOLUTE)

    **** No section assigned to this execution region ****


==============================================================================

Image component sizes


      Code (inc. data)   RO Data    RW Data    ZI Data      Debug   Object Name

       298         22          0          0          0     666334   lcd_character.o
       972        234          0         12        388       3459   main.o
       442         30          0          8          0       7190   my_dht22.o
        64         26        392          0       1536        852   startup_stm32f407xx.o
       180         28          0         12          0       9485   stm32f4xx_hal.o
       172         14          0          0          0      33302   stm32f4xx_hal_cortex.o
       228          0          0          0          0       3502   stm32f4xx_hal_dac.o
       516         46          0          0          0       2883   stm32f4xx_hal_gpio.o
       252         32          0          0          0       2335   stm32f4xx_hal_msp.o
      1348         76          0          0          0       5288   stm32f4xx_hal_rcc.o
       664         10          0          0          0       4244   stm32f4xx_hal_uart.o
        20          0          0          0          0       4250   stm32f4xx_it.o
        16          4         24          4          0       1151   system_stm32f4xx.o

    ----------------------------------------------------------------------
      5184        522        448         36       1924     744275   Object Totals
         0          0         32          0          0          0   (incl. Generated)
        12          0          0          0          0          0   (incl. Padding)

    ----------------------------------------------------------------------

      Code (inc. data)   RO Data    RW Data    ZI Data      Debug   Library Member Name

        44          6          0          0          0         84   __2sprintf.o
         8          0          0          0          0         68   __main.o
       312          4         17          0          0         92   __printf_flags_wp.o
        14          0          0          0          0         68   __printf_wp.o
         0          0          0          0          0          0   __rtentry.o
        12          0          0          0          0          0   __rtentry2.o
         6          0          0          0          0          0   __rtentry4.o
        52          8          0          0          0          0   __scatter.o
        26          0          0          0          0          0   __scatter_copy.o
        28          0          0          0          0          0   __scatter_zi.o
        44          0          0          0          0        108   _printf_char.o
        48          6          0          0          0         96   _printf_char_common.o
         6          0          0          0          0          0   _printf_d.o
       120         16          0          0          0         92   _printf_dec.o
         6          0          0          0          0          0   _printf_f.o
      1054          0          0          0          0        216   _printf_fp_dec.o
       128         16          0          0          0         84   _printf_fp_infnan.o
       178          0          0          0          0         88   _printf_intcommon.o
         0          0          0          0          0          0   _printf_percent.o
         4          0          0          0          0          0   _printf_percent_end.o
         6          0          0          0          0          0   _printf_s.o
        82          0          0          0          0         80   _printf_str.o
        10          0          0          0          0         68   _sputc.o
       228          4        148          0          0         96   bigflt0.o
      1936        128          0          0          0        672   btod.o
        18          0          0          0          0         80   exit.o
         6          0          0          0          0        152   heapauxi.o
         0          0          0          0          0          0   indicate_semi.o
        44         10         28          0          0         76   lc_numeric_c.o
         2          0          0          0          0          0   libinit.o
        22          0          0          0          0          0   libinit2.o
         2          0          0          0          0          0   libshutdown.o
         2          0          0          0          0          0   libshutdown2.o
         8          4          0          0         96         68   libspace.o
       138          0          0          0          0         80   lludiv10.o
       238          0          0          0          0        100   lludivv7m.o
         8          4          0          0          0         68   rt_locale_intlibspace.o
        78          0          0          0          0         80   rt_memclr_w.o
         2          0          0          0          0          0   rtexit.o
        10          0          0          0          0          0   rtexit2.o
       128          0          0          0          0         68   strcmpv7m.o
        62          0          0          0          0         76   strlen.o
        12          4          0          0          0         68   sys_exit.o
        74          0          0          0          0         80   sys_stackheap_outer.o
         2          0          0          0          0         68   use_no_semi.o
        12          0          0          0          0        116   dretinf.o
        86          4          0          0          0        132   f2d.o
       140          4          0          0          0        132   fnaninf.o
        10          0          0          0          0        116   fpinit.o
         4          0          0          0          0        116   printf1.o
         0          0          0          0          0          0   usenofp.o
        48          0          0          0          0        124   fpclassify.o

    ----------------------------------------------------------------------
      5520        218        196          0         96       3712   Library Totals
        12          0          3          0          0          0   (incl. Padding)

    ----------------------------------------------------------------------

      Code (inc. data)   RO Data    RW Data    ZI Data      Debug   Library Name

      5208        210        193          0         96       2976   c_w.l
       252          8          0          0          0        612   fz_wm.l
        48          0          0          0          0        124   m_wm.l

    ----------------------------------------------------------------------
      5520        218        196          0         96       3712   Library Totals

    ----------------------------------------------------------------------

==============================================================================


      Code (inc. data)   RO Data    RW Data    ZI Data      Debug   

     10704        740        644         36       2020     740875   Grand Totals
     10704        740        644         36       2020     740875   ELF Image Totals
     10704        740        644         36          0          0   ROM Totals

==============================================================================

    Total RO  Size (Code + RO Data)                11348 (  11.08kB)
    Total RW  Size (RW Data + ZI Data)              2056 (   2.01kB)
    Total ROM Size (Code + RO Data + RW Data)      11384 (  11.12kB)

==============================================================================

